2026-04-21 08:24:03.227 [SECURITY_AUDIT] INFO  - [ANALYTICS_ACCESS] username=admin page=/admin/analytics/product-engagement ip=0:0:0:0:0:0:0:1
2026-04-21 10:43:40.135 [SECURITY_AUDIT] INFO  - [ANALYTICS_ACCESS] username=admin page=/admin/analytics/products ip=0:0:0:0:0:0:0:1
2026-04-21 10:46:18.595 [SECURITY_AUDIT] INFO  - [ANALYTICS_ACCESS] username=admin page=/admin/analytics/products ip=0:0:0:0:0:0:0:1
2026-04-21 10:46:19.843 [SECURITY_AUDIT] INFO  - [ANALYTICS_ACCESS] username=admin page=/admin/analytics/products ip=0:0:0:0:0:0:0:1
2026-04-21 10:47:26.321 [SECURITY_AUDIT] INFO  - [ANALYTICS_ACCESS] username=admin page=/admin/analytics/products ip=0:0:0:0:0:0:0:1
2026-04-21 10:56:00.620 [SECURITY_AUDIT] INFO  - [ANALYTICS_ACCESS] username=admin page=/admin/analytics/products ip=0:0:0:0:0:0:0:1
2026-04-21 10:58:40.148 [SECURITY_AUDIT] INFO  - [ANALYTICS_ACCESS] username=admin page=/admin/analytics/products ip=0:0:0:0:0:0:0:1
2026-04-21 10:58:54.771 [SECURITY_AUDIT] INFO  - [ANALYTICS_ACCESS] username=admin page=/admin/analytics/products ip=0:0:0:0:0:0:0:1
2026-04-21 10:58:54.771 [SECURITY_AUDIT] INFO  - [ANALYTICS_FILTER] username=admin page=/admin/analytics/products filters=days=7
2026-04-21 10:58:57.292 [SECURITY_AUDIT] INFO  - [ANALYTICS_ACCESS] username=admin page=/admin/analytics/products ip=0:0:0:0:0:0:0:1
2026-04-21 10:58:59.043 [SECURITY_AUDIT] INFO  - [ANALYTICS_ACCESS] username=admin page=/admin/analytics/products ip=0:0:0:0:0:0:0:1
2026-04-21 10:58:59.043 [SECURITY_AUDIT] INFO  - [ANALYTICS_FILTER] username=admin page=/admin/analytics/products filters=days=1
2026-04-21 10:59:00.791 [SECURITY_AUDIT] INFO  - [ANALYTICS_ACCESS] username=admin page=/admin/analytics/products ip=0:0:0:0:0:0:0:1
2026-04-21 11:00:30.338 [SECURITY_AUDIT] INFO  - [ANALYTICS_ACCESS] username=admin page=/admin/analytics/products ip=0:0:0:0:0:0:0:1
2026-04-21 11:00:32.880 [SECURITY_AUDIT] INFO  - [ANALYTICS_ACCESS] username=admin page=/admin/analytics/orders ip=0:0:0:0:0:0:0:1
2026-04-21 11:00:35.387 [SECURITY_AUDIT] INFO  - [ANALYTICS_ACCESS] username=admin page=/admin/analytics/products ip=0:0:0:0:0:0:0:1
2026-04-21 11:08:59.842 [SECURITY_AUDIT] INFO  - [ANALYTICS_ACCESS] username=admin page=/admin/analytics/products ip=0:0:0:0:0:0:0:1
2026-04-21 11:09:09.359 [SECURITY_AUDIT] INFO  - [ANALYTICS_ACCESS] username=admin page=/admin/analytics/products ip=0:0:0:0:0:0:0:1
2026-04-21 11:09:09.359 [SECURITY_AUDIT] INFO  - [ANALYTICS_FILTER] username=admin page=/admin/analytics/products filters=days=7
2026-04-21 11:09:10.653 [SECURITY_AUDIT] INFO  - [ANALYTICS_ACCESS] username=admin page=/admin/analytics/products ip=0:0:0:0:0:0:0:1
2026-04-21 11:09:10.653 [SECURITY_AUDIT] INFO  - [ANALYTICS_FILTER] username=admin page=/admin/analytics/products filters=days=1
2026-04-21 11:09:12.135 [SECURITY_AUDIT] INFO  - [ANALYTICS_ACCESS] username=admin page=/admin/analytics/products ip=0:0:0:0:0:0:0:1
2026-04-21 11:09:12.135 [SECURITY_AUDIT] INFO  - [ANALYTICS_FILTER] username=admin page=/admin/analytics/products filters=days=7
2026-04-21 11:09:13.531 [SECURITY_AUDIT] INFO  - [ANALYTICS_ACCESS] username=admin page=/admin/analytics/products ip=0:0:0:0:0:0:0:1
2026-04-21 11:09:13.531 [SECURITY_AUDIT] INFO  - [ANALYTICS_FILTER] username=admin page=/admin/analytics/products filters=days=30
2026-04-21 11:09:34.774 [SECURITY_AUDIT] INFO  - [ANALYTICS_ACCESS] username=admin page=/admin/analytics/orders ip=0:0:0:0:0:0:0:1
2026-04-21 11:10:29.221 [SECURITY_AUDIT] INFO  - [ANALYTICS_ACCESS] username=admin page=/admin/analytics/products ip=0:0:0:0:0:0:0:1
2026-04-21 11:10:29.221 [SECURITY_AUDIT] INFO  - [ANALYTICS_FILTER] username=admin page=/admin/analytics/products filters=days=30
2026-04-21 11:13:15.606 [SECURITY_AUDIT] INFO  - [ANALYTICS_ACCESS] username=admin page=/admin/analytics/products ip=0:0:0:0:0:0:0:1
2026-04-21 11:13:15.608 [SECURITY_AUDIT] INFO  - [ANALYTICS_FILTER] username=admin page=/admin/analytics/products filters=days=30
2026-04-21 11:13:26.092 [SECURITY_AUDIT] INFO  - [ANALYTICS_ACCESS] username=admin page=/admin/analytics/orders ip=0:0:0:0:0:0:0:1
2026-04-21 11:13:47.499 [SECURITY_AUDIT] INFO  - [ANALYTICS_ACCESS] username=admin page=/admin/analytics/orders ip=0:0:0:0:0:0:0:1
2026-04-21 11:13:47.499 [SECURITY_AUDIT] INFO  - [ANALYTICS_FILTER] username=admin page=/admin/analytics/orders filters=days=1
2026-04-21 11:13:48.552 [SECURITY_AUDIT] INFO  - [ANALYTICS_ACCESS] username=admin page=/admin/analytics/orders ip=0:0:0:0:0:0:0:1
2026-04-21 11:13:48.552 [SECURITY_AUDIT] INFO  - [ANALYTICS_FILTER] username=admin page=/admin/analytics/orders filters=days=7
2026-04-21 11:13:49.164 [SECURITY_AUDIT] INFO  - [ANALYTICS_ACCESS] username=admin page=/admin/analytics/orders ip=0:0:0:0:0:0:0:1
2026-04-21 11:13:49.164 [SECURITY_AUDIT] INFO  - [ANALYTICS_FILTER] username=admin page=/admin/analytics/orders filters=days=30
2026-04-21 11:13:49.825 [SECURITY_AUDIT] INFO  - [ANALYTICS_ACCESS] username=admin page=/admin/analytics/orders ip=0:0:0:0:0:0:0:1
2026-04-21 11:13:49.825 [SECURITY_AUDIT] INFO  - [ANALYTICS_FILTER] username=admin page=/admin/analytics/orders filters=days=7
2026-04-21 11:18:55.947 [SECURITY_AUDIT] INFO  - [ANALYTICS_ACCESS] username=admin page=/admin/analytics/orders ip=0:0:0:0:0:0:0:1
2026-04-21 11:18:55.948 [SECURITY_AUDIT] INFO  - [ANALYTICS_FILTER] username=admin page=/admin/analytics/orders filters=days=7
2026-04-21 11:19:13.329 [SECURITY_AUDIT] INFO  - [ANALYTICS_ACCESS] username=admin page=/admin/analytics/products ip=0:0:0:0:0:0:0:1
2026-04-21 11:35:08.554 [SECURITY_AUDIT] INFO  - [ANALYTICS_ACCESS] username=admin page=/admin/analytics/products ip=0:0:0:0:0:0:0:1
2026-04-21 11:40:52.271 [SECURITY_AUDIT] INFO  - [ANALYTICS_ACCESS] username=admin page=/admin/analytics/products ip=0:0:0:0:0:0:0:1
2026-04-21 11:53:46.943 [SECURITY_AUDIT] INFO  - [ANALYTICS_ACCESS] username=admin page=/admin/analytics/product-engagement ip=0:0:0:0:0:0:0:1
2026-04-21 11:59:53.186 [SECURITY_AUDIT] INFO  - [ANALYTICS_ACCESS] username=admin page=/admin/analytics/orders ip=0:0:0:0:0:0:0:1
2026-04-21 11:59:56.910 [SECURITY_AUDIT] INFO  - [ANALYTICS_ACCESS] username=admin page=/admin/analytics/product ip=0:0:0:0:0:0:0:1
2026-04-21 12:01:13.776 [SECURITY_AUDIT] INFO  - [ANALYTICS_ACCESS] username=admin page=/admin/analytics/product ip=0:0:0:0:0:0:0:1
2026-04-21 12:02:32.708 [SECURITY_AUDIT] INFO  - [ANALYTICS_ACCESS] username=admin page=/admin/analytics/product ip=0:0:0:0:0:0:0:1
2026-04-21 12:02:34.889 [SECURITY_AUDIT] INFO  - [ANALYTICS_ACCESS] username=admin page=/admin/analytics/product ip=0:0:0:0:0:0:0:1
2026-04-21 12:02:54.890 [SECURITY_AUDIT] INFO  - [ANALYTICS_ACCESS] username=admin page=/admin/analytics/products ip=0:0:0:0:0:0:0:1
2026-04-21 12:04:22.436 [SECURITY_AUDIT] INFO  - [ANALYTICS_ACCESS] username=admin page=/admin/analytics/product ip=0:0:0:0:0:0:0:1
2026-04-21 12:04:31.140 [SECURITY_AUDIT] INFO  - [ANALYTICS_ACCESS] username=admin page=/admin/analytics/products ip=0:0:0:0:0:0:0:1
2026-04-21 12:05:39.196 [SECURITY_AUDIT] INFO  - [ANALYTICS_ACCESS] username=admin page=/admin/analytics/products ip=0:0:0:0:0:0:0:1
2026-04-21 12:05:45.202 [SECURITY_AUDIT] INFO  - [ANALYTICS_ACCESS] username=admin page=/admin/analytics/product-engagement ip=0:0:0:0:0:0:0:1
2026-04-21 12:05:47.369 [SECURITY_AUDIT] INFO  - [ANALYTICS_ACCESS] username=admin page=/admin/analytics/products ip=0:0:0:0:0:0:0:1
2026-04-21 12:08:30.762 [SECURITY_AUDIT] INFO  - [ANALYTICS_ACCESS] username=admin page=/admin/analytics/products ip=0:0:0:0:0:0:0:1
2026-04-21 12:08:32.958 [SECURITY_AUDIT] INFO  - [ANALYTICS_ACCESS] username=admin page=/admin/analytics/product/export/csv ip=0:0:0:0:0:0:0:1
2026-04-21 12:08:35.971 [SECURITY_AUDIT] INFO  - [ANALYTICS_ACCESS] username=admin page=/admin/analytics/products ip=0:0:0:0:0:0:0:1
2026-04-21 12:23:04.460 [SECURITY_AUDIT] INFO  - [ANALYTICS_ACCESS] username=admin page=/admin/analytics/orders ip=0:0:0:0:0:0:0:1
2026-04-21 12:23:11.791 [SECURITY_AUDIT] INFO  - [ANALYTICS_ACCESS] username=admin page=/admin/analytics/products ip=0:0:0:0:0:0:0:1
2026-04-21 12:23:13.562 [SECURITY_AUDIT] INFO  - [ANALYTICS_ACCESS] username=admin page=/admin/analytics/product/export ip=0:0:0:0:0:0:0:1
2026-04-21 12:23:13.562 [SECURITY_AUDIT] INFO  - [ANALYTICS_FILTER] username=admin page=/admin/analytics/product/export filters=categoryId=&keyword=
2026-04-21 12:29:35.635 [SECURITY_AUDIT] INFO  - [ANALYTICS_ACCESS] username=admin page=/admin/analytics/product/export ip=0:0:0:0:0:0:0:1
2026-04-21 12:29:35.637 [SECURITY_AUDIT] INFO  - [ANALYTICS_FILTER] username=admin page=/admin/analytics/product/export filters=categoryId=&keyword=
2026-04-21 12:29:40.703 [SECURITY_AUDIT] INFO  - [ANALYTICS_ACCESS] username=admin page=/admin/analytics/products ip=0:0:0:0:0:0:0:1
2026-04-21 12:29:45.761 [SECURITY_AUDIT] INFO  - [ANALYTICS_ACCESS] username=admin page=/admin/analytics/products/export ip=0:0:0:0:0:0:0:1
2026-04-21 12:29:45.761 [SECURITY_AUDIT] INFO  - [ANALYTICS_FILTER] username=admin page=/admin/analytics/products/export filters=categoryId=&keyword=
2026-04-21 12:29:48.721 [SECURITY_AUDIT] INFO  - [ANALYTICS_ACCESS] username=admin page=/admin/analytics/products ip=0:0:0:0:0:0:0:1
2026-04-21 12:38:36.647 [SECURITY_AUDIT] INFO  - [ANALYTICS_ACCESS] username=admin page=/admin/analytics/products ip=0:0:0:0:0:0:0:1
2026-04-21 12:38:40.723 [SECURITY_AUDIT] INFO  - [ANALYTICS_ACCESS] username=admin page=/admin/analytics/products/export/csv ip=0:0:0:0:0:0:0:1
2026-04-21 12:38:40.723 [SECURITY_AUDIT] INFO  - [ANALYTICS_FILTER] username=admin page=/admin/analytics/products/export/csv filters=days=30&customStart=&customEnd=
2026-04-21 14:00:41.666 [SECURITY_AUDIT] INFO  - [ANALYTICS_ACCESS] username=admin page=/admin/analytics/products ip=0:0:0:0:0:0:0:1
2026-04-21 15:02:54.988 [SECURITY_AUDIT] INFO  - [ANALYTICS_ACCESS] username=admin page=/admin/analytics/products ip=0:0:0:0:0:0:0:1
2026-04-21 15:03:01.838 [SECURITY_AUDIT] INFO  - [ANALYTICS_ACCESS] username=admin page=/admin/analytics/customers ip=0:0:0:0:0:0:0:1
2026-04-21 15:05:38.000 [SECURITY_AUDIT] INFO  - [ANALYTICS_ACCESS] username=admin page=/admin/analytics/customers ip=0:0:0:0:0:0:0:1
2026-04-21 15:06:36.587 [SECURITY_AUDIT] INFO  - [ANALYTICS_ACCESS] username=admin page=/admin/analytics/orders ip=0:0:0:0:0:0:0:1
2026-04-21 15:06:45.453 [SECURITY_AUDIT] INFO  - [ANALYTICS_ACCESS] username=admin page=/admin/analytics/customers ip=0:0:0:0:0:0:0:1
2026-04-21 18:32:28.799 [SECURITY_AUDIT] INFO  - [ANALYTICS_ACCESS] username=admin page=/admin/analytics/customers ip=0:0:0:0:0:0:0:1
2026-04-21 18:32:34.799 [SECURITY_AUDIT] INFO  - [ANALYTICS_ACCESS] username=admin page=/admin/analytics/customers ip=0:0:0:0:0:0:0:1
2026-04-21 18:32:39.581 [SECURITY_AUDIT] INFO  - [ANALYTICS_ACCESS] username=admin page=/admin/analytics/marketing ip=0:0:0:0:0:0:0:1
2026-04-21 18:34:21.155 [SECURITY_AUDIT] INFO  - [ANALYTICS_ACCESS] username=admin page=/admin/analytics/marketing ip=0:0:0:0:0:0:0:1
2026-04-21 18:34:22.744 [SECURITY_AUDIT] INFO  - [ANALYTICS_ACCESS] username=admin page=/admin/analytics/marketing ip=0:0:0:0:0:0:0:1
2026-04-21 18:37:26.172 [SECURITY_AUDIT] INFO  - [ANALYTICS_ACCESS] username=admin page=/admin/analytics/marketing ip=0:0:0:0:0:0:0:1
2026-04-21 18:41:00.336 [SECURITY_AUDIT] INFO  - [ANALYTICS_ACCESS] username=admin page=/admin/analytics/marketing ip=0:0:0:0:0:0:0:1
2026-04-21 18:41:03.522 [SECURITY_AUDIT] INFO  - [ANALYTICS_ACCESS] username=admin page=/admin/analytics/customers ip=0:0:0:0:0:0:0:1
2026-04-21 18:41:05.475 [SECURITY_AUDIT] INFO  - [ANALYTICS_ACCESS] username=admin page=/admin/analytics/marketing ip=0:0:0:0:0:0:0:1
2026-04-21 18:41:07.280 [SECURITY_AUDIT] INFO  - [ANALYTICS_ACCESS] username=admin page=/admin/analytics/customers ip=0:0:0:0:0:0:0:1
2026-04-21 18:41:10.215 [SECURITY_AUDIT] INFO  - [ANALYTICS_ACCESS] username=admin page=/admin/analytics/marketing ip=0:0:0:0:0:0:0:1
2026-04-21 18:49:22.560 [SECURITY_AUDIT] INFO  - [ANALYTICS_ACCESS] username=admin page=/admin/analytics/marketing ip=0:0:0:0:0:0:0:1
2026-04-21 18:49:26.160 [SECURITY_AUDIT] INFO  - [ANALYTICS_ACCESS] username=admin page=/admin/analytics/marketing ip=0:0:0:0:0:0:0:1
2026-04-21 18:49:57.814 [SECURITY_AUDIT] INFO  - [ANALYTICS_ACCESS] username=admin page=/admin/analytics/marketing ip=0:0:0:0:0:0:0:1
2026-04-21 18:50:02.417 [SECURITY_AUDIT] INFO  - [ANALYTICS_ACCESS] username=admin page=/admin/analytics/marketing ip=0:0:0:0:0:0:0:1
2026-04-21 18:50:03.050 [SECURITY_AUDIT] INFO  - [ANALYTICS_ACCESS] username=admin page=/admin/analytics/customers ip=0:0:0:0:0:0:0:1
2026-04-21 18:50:04.495 [SECURITY_AUDIT] INFO  - [ANALYTICS_ACCESS] username=admin page=/admin/analytics/marketing ip=0:0:0:0:0:0:0:1
2026-04-21 18:50:38.477 [SECURITY_AUDIT] INFO  - [ANALYTICS_ACCESS] username=admin page=/admin/analytics/products ip=0:0:0:0:0:0:0:1
2026-04-21 18:50:40.608 [SECURITY_AUDIT] INFO  - [ANALYTICS_ACCESS] username=admin page=/admin/analytics/orders ip=0:0:0:0:0:0:0:1
2026-04-21 18:50:44.677 [SECURITY_AUDIT] INFO  - [ANALYTICS_ACCESS] username=admin page=/admin/analytics/customers ip=0:0:0:0:0:0:0:1
2026-04-21 18:50:46.590 [SECURITY_AUDIT] INFO  - [ANALYTICS_ACCESS] username=admin page=/admin/analytics/orders ip=0:0:0:0:0:0:0:1
2026-04-21 18:51:28.753 [SECURITY_AUDIT] INFO  - [ANALYTICS_ACCESS] username=admin page=/admin/analytics/customers ip=0:0:0:0:0:0:0:1
2026-04-21 18:51:50.444 [SECURITY_AUDIT] INFO  - [ANALYTICS_ACCESS] username=admin page=/admin/analytics/products ip=0:0:0:0:0:0:0:1
2026-04-21 18:51:53.991 [SECURITY_AUDIT] INFO  - [ANALYTICS_ACCESS] username=admin page=/admin/analytics/orders ip=0:0:0:0:0:0:0:1
2026-04-21 18:51:56.383 [SECURITY_AUDIT] INFO  - [ANALYTICS_ACCESS] username=admin page=/admin/analytics/customers ip=0:0:0:0:0:0:0:1
2026-04-21 18:52:01.783 [SECURITY_AUDIT] INFO  - [ANALYTICS_ACCESS] username=admin page=/admin/analytics/marketing ip=0:0:0:0:0:0:0:1
2026-04-21 18:52:26.585 [SECURITY_AUDIT] INFO  - [ANALYTICS_ACCESS] username=admin page=/admin/analytics/marketing ip=0:0:0:0:0:0:0:1
2026-04-21 18:53:06.335 [SECURITY_AUDIT] INFO  - [ANALYTICS_ACCESS] username=admin page=/admin/analytics/customers ip=0:0:0:0:0:0:0:1
2026-04-21 18:57:06.738 [SECURITY_AUDIT] INFO  - [ANALYTICS_ACCESS] username=admin page=/admin/analytics/customers ip=0:0:0:0:0:0:0:1
2026-04-21 18:57:14.037 [SECURITY_AUDIT] INFO  - [ANALYTICS_ACCESS] username=admin page=/admin/analytics/marketing ip=0:0:0:0:0:0:0:1
2026-04-21 18:57:26.183 [SECURITY_AUDIT] INFO  - [ANALYTICS_ACCESS] username=admin page=/admin/analytics/customers ip=0:0:0:0:0:0:0:1
2026-04-21 18:57:29.267 [SECURITY_AUDIT] INFO  - [ANALYTICS_ACCESS] username=admin page=/admin/analytics/marketing ip=0:0:0:0:0:0:0:1
2026-04-21 18:57:46.116 [SECURITY_AUDIT] INFO  - [ANALYTICS_ACCESS] username=admin page=/admin/analytics/marketing ip=0:0:0:0:0:0:0:1
2026-04-21 19:03:03.878 [SECURITY_AUDIT] INFO  - [ANALYTICS_ACCESS] username=admin page=/admin/analytics/marketing ip=0:0:0:0:0:0:0:1
2026-04-21 22:23:06.681 [SECURITY_AUDIT] INFO  - [ANALYTICS_ACCESS] username=admin page=/admin/analytics/customers ip=0:0:0:0:0:0:0:1
2026-04-21 22:23:18.056 [SECURITY_AUDIT] INFO  - [ANALYTICS_ACCESS] username=admin page=/admin/analytics/marketing ip=0:0:0:0:0:0:0:1
