2026-04-17 16:41:57.880 [SECURITY_AUDIT] WARN  - [ACCESS_DENIED] username=anonymous requestedUrl=/ws/642/o4tqo2dg/xhr_streaming ip=0:0:0:0:0:0:0:1
2026-04-17 16:41:57.979 [SECURITY_AUDIT] WARN  - [ACCESS_DENIED] username=anonymous requestedUrl=/ws/642/o4tqo2dg/xhr_streaming ip=0:0:0:0:0:0:0:1
2026-04-17 16:41:58.132 [SECURITY_AUDIT] WARN  - [ACCESS_DENIED] username=anonymous requestedUrl=/ws/642/o4tqo2dg/xhr_streaming ip=0:0:0:0:0:0:0:1
2026-04-17 16:41:58.208 [SECURITY_AUDIT] WARN  - [ACCESS_DENIED] username=anonymous requestedUrl=/ws/642/o4tqo2dg/xhr_streaming ip=0:0:0:0:0:0:0:1
2026-04-17 16:41:58.250 [SECURITY_AUDIT] WARN  - [ACCESS_DENIED] username=anonymous requestedUrl=/ws/642/o4tqo2dg/xhr_streaming ip=0:0:0:0:0:0:0:1
2026-04-17 16:41:58.344 [SECURITY_AUDIT] WARN  - [ACCESS_DENIED] username=anonymous requestedUrl=/ws/642/o4tqo2dg/xhr_streaming ip=0:0:0:0:0:0:0:1
2026-04-17 16:41:58.381 [SECURITY_AUDIT] WARN  - [ACCESS_DENIED] username=anonymous requestedUrl=/ws/642/o4tqo2dg/xhr_streaming ip=0:0:0:0:0:0:0:1
2026-04-17 16:41:58.422 [SECURITY_AUDIT] WARN  - [ACCESS_DENIED] username=anonymous requestedUrl=/ws/642/o4tqo2dg/xhr_streaming ip=0:0:0:0:0:0:0:1
2026-04-17 16:41:58.462 [SECURITY_AUDIT] WARN  - [ACCESS_DENIED] username=anonymous requestedUrl=/ws/642/o4tqo2dg/xhr_streaming ip=0:0:0:0:0:0:0:1
2026-04-17 16:41:58.486 [SECURITY_AUDIT] WARN  - [ACCESS_DENIED] username=anonymous requestedUrl=/ws/642/o4tqo2dg/xhr_streaming ip=0:0:0:0:0:0:0:1
2026-04-17 16:41:58.516 [SECURITY_AUDIT] WARN  - [ACCESS_DENIED] username=anonymous requestedUrl=/ws/642/o4tqo2dg/xhr_streaming ip=0:0:0:0:0:0:0:1
2026-04-17 16:41:58.543 [SECURITY_AUDIT] WARN  - [ACCESS_DENIED] username=anonymous requestedUrl=/ws/642/o4tqo2dg/xhr_streaming ip=0:0:0:0:0:0:0:1
2026-04-17 16:41:58.566 [SECURITY_AUDIT] WARN  - [ACCESS_DENIED] username=anonymous requestedUrl=/ws/642/o4tqo2dg/xhr_streaming ip=0:0:0:0:0:0:0:1
2026-04-17 16:41:58.593 [SECURITY_AUDIT] WARN  - [ACCESS_DENIED] username=anonymous requestedUrl=/ws/642/o4tqo2dg/xhr_streaming ip=0:0:0:0:0:0:0:1
2026-04-17 16:41:58.617 [SECURITY_AUDIT] WARN  - [ACCESS_DENIED] username=anonymous requestedUrl=/ws/642/o4tqo2dg/xhr_streaming ip=0:0:0:0:0:0:0:1
2026-04-17 16:41:58.644 [SECURITY_AUDIT] WARN  - [ACCESS_DENIED] username=anonymous requestedUrl=/ws/642/o4tqo2dg/xhr_streaming ip=0:0:0:0:0:0:0:1
2026-04-17 16:41:58.668 [SECURITY_AUDIT] WARN  - [ACCESS_DENIED] username=anonymous requestedUrl=/ws/642/o4tqo2dg/xhr_streaming ip=0:0:0:0:0:0:0:1
2026-04-17 16:41:58.698 [SECURITY_AUDIT] WARN  - [ACCESS_DENIED] username=anonymous requestedUrl=/ws/642/o4tqo2dg/xhr_streaming ip=0:0:0:0:0:0:0:1
2026-04-17 16:41:58.730 [SECURITY_AUDIT] WARN  - [ACCESS_DENIED] username=anonymous requestedUrl=/ws/642/o4tqo2dg/xhr_streaming ip=0:0:0:0:0:0:0:1
2026-04-17 16:41:58.779 [SECURITY_AUDIT] WARN  - [ACCESS_DENIED] username=anonymous requestedUrl=/ws/642/o4tqo2dg/xhr_streaming ip=0:0:0:0:0:0:0:1
2026-04-17 16:41:58.797 [SECURITY_AUDIT] WARN  - [ACCESS_DENIED] username=anonymous requestedUrl=/ws/642/o4tqo2dg/xhr_streaming ip=0:0:0:0:0:0:0:1
2026-04-17 16:41:58.824 [SECURITY_AUDIT] WARN  - [ACCESS_DENIED] username=anonymous requestedUrl=/ws/642/o4tqo2dg/xhr_streaming ip=0:0:0:0:0:0:0:1
2026-04-17 16:41:58.843 [SECURITY_AUDIT] WARN  - [ACCESS_DENIED] username=anonymous requestedUrl=/ws/642/o4tqo2dg/xhr_streaming ip=0:0:0:0:0:0:0:1
2026-04-17 16:41:58.876 [SECURITY_AUDIT] WARN  - [ACCESS_DENIED] username=anonymous requestedUrl=/ws/642/o4tqo2dg/xhr_streaming ip=0:0:0:0:0:0:0:1
2026-04-17 16:41:58.897 [SECURITY_AUDIT] WARN  - [ACCESS_DENIED] username=anonymous requestedUrl=/ws/642/o4tqo2dg/xhr_streaming ip=0:0:0:0:0:0:0:1
2026-04-17 16:41:58.913 [SECURITY_AUDIT] WARN  - [ACCESS_DENIED] username=anonymous requestedUrl=/ws/642/o4tqo2dg/xhr_streaming ip=0:0:0:0:0:0:0:1
2026-04-17 16:41:58.932 [SECURITY_AUDIT] WARN  - [ACCESS_DENIED] username=anonymous requestedUrl=/ws/642/o4tqo2dg/xhr_streaming ip=0:0:0:0:0:0:0:1
2026-04-17 16:41:58.961 [SECURITY_AUDIT] WARN  - [ACCESS_DENIED] username=anonymous requestedUrl=/ws/642/o4tqo2dg/xhr_streaming ip=0:0:0:0:0:0:0:1
2026-04-17 16:41:58.980 [SECURITY_AUDIT] WARN  - [ACCESS_DENIED] username=anonymous requestedUrl=/ws/642/o4tqo2dg/xhr_streaming ip=0:0:0:0:0:0:0:1
2026-04-17 16:41:58.998 [SECURITY_AUDIT] WARN  - [ACCESS_DENIED] username=anonymous requestedUrl=/ws/642/o4tqo2dg/xhr_streaming ip=0:0:0:0:0:0:0:1
2026-04-17 16:41:59.016 [SECURITY_AUDIT] WARN  - [ACCESS_DENIED] username=anonymous requestedUrl=/ws/642/o4tqo2dg/xhr_streaming ip=0:0:0:0:0:0:0:1
2026-04-17 16:41:59.032 [SECURITY_AUDIT] WARN  - [ACCESS_DENIED] username=anonymous requestedUrl=/ws/642/o4tqo2dg/xhr_streaming ip=0:0:0:0:0:0:0:1
2026-04-17 16:41:59.048 [SECURITY_AUDIT] WARN  - [ACCESS_DENIED] username=anonymous requestedUrl=/ws/642/o4tqo2dg/xhr_streaming ip=0:0:0:0:0:0:0:1
2026-04-17 16:41:59.064 [SECURITY_AUDIT] WARN  - [ACCESS_DENIED] username=anonymous requestedUrl=/ws/642/o4tqo2dg/xhr_streaming ip=0:0:0:0:0:0:0:1
2026-04-17 16:41:59.080 [SECURITY_AUDIT] WARN  - [ACCESS_DENIED] username=anonymous requestedUrl=/ws/642/o4tqo2dg/xhr_streaming ip=0:0:0:0:0:0:0:1
2026-04-17 16:41:59.096 [SECURITY_AUDIT] WARN  - [ACCESS_DENIED] username=anonymous requestedUrl=/ws/642/o4tqo2dg/xhr_streaming ip=0:0:0:0:0:0:0:1
2026-04-17 16:41:59.111 [SECURITY_AUDIT] WARN  - [ACCESS_DENIED] username=anonymous requestedUrl=/ws/642/o4tqo2dg/xhr_streaming ip=0:0:0:0:0:0:0:1
2026-04-17 16:41:59.127 [SECURITY_AUDIT] WARN  - [ACCESS_DENIED] username=anonymous requestedUrl=/ws/642/o4tqo2dg/xhr_streaming ip=0:0:0:0:0:0:0:1
2026-04-17 16:41:59.143 [SECURITY_AUDIT] WARN  - [ACCESS_DENIED] username=anonymous requestedUrl=/ws/642/o4tqo2dg/xhr_streaming ip=0:0:0:0:0:0:0:1
2026-04-17 16:41:59.158 [SECURITY_AUDIT] WARN  - [ACCESS_DENIED] username=anonymous requestedUrl=/ws/642/o4tqo2dg/xhr_streaming ip=0:0:0:0:0:0:0:1
2026-04-17 16:41:59.329 [SECURITY_AUDIT] WARN  - [ACCESS_DENIED] username=anonymous requestedUrl=/ws/642/o4tqo2dg/xhr_streaming ip=0:0:0:0:0:0:0:1
2026-04-17 16:41:59.367 [SECURITY_AUDIT] WARN  - [ACCESS_DENIED] username=anonymous requestedUrl=/ws/642/o4tqo2dg/xhr_streaming ip=0:0:0:0:0:0:0:1
2026-04-17 16:41:59.403 [SECURITY_AUDIT] WARN  - [ACCESS_DENIED] username=anonymous requestedUrl=/ws/642/o4tqo2dg/xhr_streaming ip=0:0:0:0:0:0:0:1
2026-04-17 16:41:59.425 [SECURITY_AUDIT] WARN  - [ACCESS_DENIED] username=anonymous requestedUrl=/ws/642/o4tqo2dg/xhr_streaming ip=0:0:0:0:0:0:0:1
2026-04-17 16:41:59.443 [SECURITY_AUDIT] WARN  - [ACCESS_DENIED] username=anonymous requestedUrl=/ws/642/o4tqo2dg/xhr_streaming ip=0:0:0:0:0:0:0:1
2026-04-17 16:41:59.459 [SECURITY_AUDIT] WARN  - [ACCESS_DENIED] username=anonymous requestedUrl=/ws/642/o4tqo2dg/xhr_streaming ip=0:0:0:0:0:0:0:1
2026-04-17 16:41:59.474 [SECURITY_AUDIT] WARN  - [ACCESS_DENIED] username=anonymous requestedUrl=/ws/642/o4tqo2dg/xhr_streaming ip=0:0:0:0:0:0:0:1
2026-04-17 16:41:59.491 [SECURITY_AUDIT] WARN  - [ACCESS_DENIED] username=anonymous requestedUrl=/ws/642/o4tqo2dg/xhr_streaming ip=0:0:0:0:0:0:0:1
2026-04-17 16:41:59.507 [SECURITY_AUDIT] WARN  - [ACCESS_DENIED] username=anonymous requestedUrl=/ws/642/o4tqo2dg/xhr_streaming ip=0:0:0:0:0:0:0:1
2026-04-17 16:41:59.525 [SECURITY_AUDIT] WARN  - [ACCESS_DENIED] username=anonymous requestedUrl=/ws/642/o4tqo2dg/xhr_streaming ip=0:0:0:0:0:0:0:1
2026-04-17 16:41:59.542 [SECURITY_AUDIT] WARN  - [ACCESS_DENIED] username=anonymous requestedUrl=/ws/642/o4tqo2dg/xhr_streaming ip=0:0:0:0:0:0:0:1
2026-04-17 16:41:59.558 [SECURITY_AUDIT] WARN  - [ACCESS_DENIED] username=anonymous requestedUrl=/ws/642/o4tqo2dg/xhr_streaming ip=0:0:0:0:0:0:0:1
2026-04-17 16:41:59.575 [SECURITY_AUDIT] WARN  - [ACCESS_DENIED] username=anonymous requestedUrl=/ws/642/o4tqo2dg/xhr_streaming ip=0:0:0:0:0:0:0:1
2026-04-17 16:41:59.592 [SECURITY_AUDIT] WARN  - [ACCESS_DENIED] username=anonymous requestedUrl=/ws/642/o4tqo2dg/xhr_streaming ip=0:0:0:0:0:0:0:1
2026-04-17 16:41:59.610 [SECURITY_AUDIT] WARN  - [ACCESS_DENIED] username=anonymous requestedUrl=/ws/642/o4tqo2dg/xhr_streaming ip=0:0:0:0:0:0:0:1
2026-04-17 16:41:59.626 [SECURITY_AUDIT] WARN  - [ACCESS_DENIED] username=anonymous requestedUrl=/ws/642/o4tqo2dg/xhr_streaming ip=0:0:0:0:0:0:0:1
2026-04-17 16:41:59.642 [SECURITY_AUDIT] WARN  - [ACCESS_DENIED] username=anonymous requestedUrl=/ws/642/o4tqo2dg/xhr_streaming ip=0:0:0:0:0:0:0:1
2026-04-17 16:41:59.660 [SECURITY_AUDIT] WARN  - [ACCESS_DENIED] username=anonymous requestedUrl=/ws/642/o4tqo2dg/xhr_streaming ip=0:0:0:0:0:0:0:1
2026-04-17 16:41:59.694 [SECURITY_AUDIT] WARN  - [ACCESS_DENIED] username=anonymous requestedUrl=/ws/642/o4tqo2dg/xhr_streaming ip=0:0:0:0:0:0:0:1
2026-04-17 16:41:59.710 [SECURITY_AUDIT] WARN  - [ACCESS_DENIED] username=anonymous requestedUrl=/ws/642/o4tqo2dg/xhr_streaming ip=0:0:0:0:0:0:0:1
2026-04-17 16:41:59.726 [SECURITY_AUDIT] WARN  - [ACCESS_DENIED] username=anonymous requestedUrl=/ws/642/o4tqo2dg/xhr_streaming ip=0:0:0:0:0:0:0:1
2026-04-17 16:41:59.743 [SECURITY_AUDIT] WARN  - [ACCESS_DENIED] username=anonymous requestedUrl=/ws/642/o4tqo2dg/xhr_streaming ip=0:0:0:0:0:0:0:1
2026-04-17 16:41:59.758 [SECURITY_AUDIT] WARN  - [ACCESS_DENIED] username=anonymous requestedUrl=/ws/642/o4tqo2dg/xhr_streaming ip=0:0:0:0:0:0:0:1
2026-04-17 16:41:59.774 [SECURITY_AUDIT] WARN  - [ACCESS_DENIED] username=anonymous requestedUrl=/ws/642/o4tqo2dg/xhr_streaming ip=0:0:0:0:0:0:0:1
2026-04-17 16:41:59.791 [SECURITY_AUDIT] WARN  - [ACCESS_DENIED] username=anonymous requestedUrl=/ws/642/o4tqo2dg/xhr_streaming ip=0:0:0:0:0:0:0:1
2026-04-17 16:41:59.808 [SECURITY_AUDIT] WARN  - [ACCESS_DENIED] username=anonymous requestedUrl=/ws/642/o4tqo2dg/xhr_streaming ip=0:0:0:0:0:0:0:1
2026-04-17 16:41:59.824 [SECURITY_AUDIT] WARN  - [ACCESS_DENIED] username=anonymous requestedUrl=/ws/642/o4tqo2dg/xhr_streaming ip=0:0:0:0:0:0:0:1
2026-04-17 16:41:59.842 [SECURITY_AUDIT] WARN  - [ACCESS_DENIED] username=anonymous requestedUrl=/ws/642/o4tqo2dg/xhr_streaming ip=0:0:0:0:0:0:0:1
2026-04-17 16:41:59.861 [SECURITY_AUDIT] WARN  - [ACCESS_DENIED] username=anonymous requestedUrl=/ws/642/o4tqo2dg/xhr_streaming ip=0:0:0:0:0:0:0:1
2026-04-17 16:41:59.875 [SECURITY_AUDIT] WARN  - [ACCESS_DENIED] username=anonymous requestedUrl=/ws/642/o4tqo2dg/xhr_streaming ip=0:0:0:0:0:0:0:1
2026-04-17 16:41:59.893 [SECURITY_AUDIT] WARN  - [ACCESS_DENIED] username=anonymous requestedUrl=/ws/642/o4tqo2dg/xhr_streaming ip=0:0:0:0:0:0:0:1
2026-04-17 16:41:59.913 [SECURITY_AUDIT] WARN  - [ACCESS_DENIED] username=anonymous requestedUrl=/ws/642/o4tqo2dg/xhr_streaming ip=0:0:0:0:0:0:0:1
2026-04-17 16:41:59.942 [SECURITY_AUDIT] WARN  - [ACCESS_DENIED] username=anonymous requestedUrl=/ws/642/o4tqo2dg/xhr_streaming ip=0:0:0:0:0:0:0:1
2026-04-17 16:41:59.959 [SECURITY_AUDIT] WARN  - [ACCESS_DENIED] username=anonymous requestedUrl=/ws/642/o4tqo2dg/xhr_streaming ip=0:0:0:0:0:0:0:1
2026-04-17 16:41:59.975 [SECURITY_AUDIT] WARN  - [ACCESS_DENIED] username=anonymous requestedUrl=/ws/642/o4tqo2dg/xhr_streaming ip=0:0:0:0:0:0:0:1
2026-04-17 16:42:00.141 [SECURITY_AUDIT] WARN  - [ACCESS_DENIED] username=anonymous requestedUrl=/ws/642/o4tqo2dg/xhr_streaming ip=0:0:0:0:0:0:0:1
2026-04-17 16:42:00.175 [SECURITY_AUDIT] WARN  - [ACCESS_DENIED] username=anonymous requestedUrl=/ws/642/o4tqo2dg/xhr_streaming ip=0:0:0:0:0:0:0:1
2026-04-17 16:42:00.187 [SECURITY_AUDIT] WARN  - [ACCESS_DENIED] username=anonymous requestedUrl=/ws/642/o4tqo2dg/xhr_streaming ip=0:0:0:0:0:0:0:1
2026-04-17 16:42:00.201 [SECURITY_AUDIT] WARN  - [ACCESS_DENIED] username=anonymous requestedUrl=/ws/642/o4tqo2dg/xhr_streaming ip=0:0:0:0:0:0:0:1
2026-04-17 16:42:00.210 [SECURITY_AUDIT] WARN  - [ACCESS_DENIED] username=anonymous requestedUrl=/ws/642/o4tqo2dg/xhr_streaming ip=0:0:0:0:0:0:0:1
2026-04-17 16:42:00.248 [SECURITY_AUDIT] WARN  - [ACCESS_DENIED] username=anonymous requestedUrl=/ws/642/o4tqo2dg/xhr_streaming ip=0:0:0:0:0:0:0:1
2026-04-17 16:42:00.261 [SECURITY_AUDIT] WARN  - [ACCESS_DENIED] username=anonymous requestedUrl=/ws/642/o4tqo2dg/xhr_streaming ip=0:0:0:0:0:0:0:1
2026-04-17 16:42:00.274 [SECURITY_AUDIT] WARN  - [ACCESS_DENIED] username=anonymous requestedUrl=/ws/642/o4tqo2dg/xhr_streaming ip=0:0:0:0:0:0:0:1
2026-04-17 16:42:00.289 [SECURITY_AUDIT] WARN  - [ACCESS_DENIED] username=anonymous requestedUrl=/ws/642/o4tqo2dg/xhr_streaming ip=0:0:0:0:0:0:0:1
2026-04-17 16:42:00.300 [SECURITY_AUDIT] WARN  - [ACCESS_DENIED] username=anonymous requestedUrl=/ws/642/o4tqo2dg/xhr_streaming ip=0:0:0:0:0:0:0:1
2026-04-17 16:42:00.310 [SECURITY_AUDIT] WARN  - [ACCESS_DENIED] username=anonymous requestedUrl=/ws/642/o4tqo2dg/xhr_streaming ip=0:0:0:0:0:0:0:1
2026-04-17 16:42:00.324 [SECURITY_AUDIT] WARN  - [ACCESS_DENIED] username=anonymous requestedUrl=/ws/642/o4tqo2dg/xhr_streaming ip=0:0:0:0:0:0:0:1
2026-04-17 16:42:00.338 [SECURITY_AUDIT] WARN  - [ACCESS_DENIED] username=anonymous requestedUrl=/ws/642/o4tqo2dg/xhr_streaming ip=0:0:0:0:0:0:0:1
2026-04-17 16:42:00.351 [SECURITY_AUDIT] WARN  - [ACCESS_DENIED] username=anonymous requestedUrl=/ws/642/o4tqo2dg/xhr_streaming ip=0:0:0:0:0:0:0:1
2026-04-17 16:42:00.366 [SECURITY_AUDIT] WARN  - [ACCESS_DENIED] username=anonymous requestedUrl=/ws/642/o4tqo2dg/xhr_streaming ip=0:0:0:0:0:0:0:1
2026-04-17 16:42:00.377 [SECURITY_AUDIT] WARN  - [ACCESS_DENIED] username=anonymous requestedUrl=/ws/642/o4tqo2dg/xhr_streaming ip=0:0:0:0:0:0:0:1
2026-04-17 16:42:00.393 [SECURITY_AUDIT] WARN  - [ACCESS_DENIED] username=anonymous requestedUrl=/ws/642/o4tqo2dg/xhr_streaming ip=0:0:0:0:0:0:0:1
2026-04-17 16:42:00.406 [SECURITY_AUDIT] WARN  - [ACCESS_DENIED] username=anonymous requestedUrl=/ws/642/o4tqo2dg/xhr_streaming ip=0:0:0:0:0:0:0:1
2026-04-17 16:42:00.417 [SECURITY_AUDIT] WARN  - [ACCESS_DENIED] username=anonymous requestedUrl=/ws/642/o4tqo2dg/xhr_streaming ip=0:0:0:0:0:0:0:1
2026-04-17 16:42:00.445 [SECURITY_AUDIT] WARN  - [ACCESS_DENIED] username=anonymous requestedUrl=/ws/642/o4tqo2dg/xhr_streaming ip=0:0:0:0:0:0:0:1
2026-04-17 16:42:00.458 [SECURITY_AUDIT] WARN  - [ACCESS_DENIED] username=anonymous requestedUrl=/ws/642/o4tqo2dg/xhr_streaming ip=0:0:0:0:0:0:0:1
2026-04-17 16:42:00.466 [SECURITY_AUDIT] WARN  - [ACCESS_DENIED] username=anonymous requestedUrl=/ws/642/o4tqo2dg/xhr_streaming ip=0:0:0:0:0:0:0:1
2026-04-17 16:42:00.481 [SECURITY_AUDIT] WARN  - [ACCESS_DENIED] username=anonymous requestedUrl=/ws/642/o4tqo2dg/xhr_streaming ip=0:0:0:0:0:0:0:1
2026-04-17 16:42:00.493 [SECURITY_AUDIT] WARN  - [ACCESS_DENIED] username=anonymous requestedUrl=/ws/642/o4tqo2dg/xhr_streaming ip=0:0:0:0:0:0:0:1
2026-04-17 16:42:00.506 [SECURITY_AUDIT] WARN  - [ACCESS_DENIED] username=anonymous requestedUrl=/ws/642/o4tqo2dg/xhr_streaming ip=0:0:0:0:0:0:0:1
2026-04-17 16:42:00.518 [SECURITY_AUDIT] WARN  - [ACCESS_DENIED] username=anonymous requestedUrl=/ws/642/o4tqo2dg/xhr_streaming ip=0:0:0:0:0:0:0:1
2026-04-17 16:42:00.556 [SECURITY_AUDIT] WARN  - [ACCESS_DENIED] username=anonymous requestedUrl=/ws/642/o4tqo2dg/xhr_streaming ip=0:0:0:0:0:0:0:1
2026-04-17 16:42:00.562 [SECURITY_AUDIT] WARN  - [ACCESS_DENIED] username=anonymous requestedUrl=/ws/642/o4tqo2dg/xhr_streaming ip=0:0:0:0:0:0:0:1
2026-04-17 16:42:00.584 [SECURITY_AUDIT] WARN  - [ACCESS_DENIED] username=anonymous requestedUrl=/ws/642/o4tqo2dg/xhr_streaming ip=0:0:0:0:0:0:0:1
2026-04-17 16:42:00.596 [SECURITY_AUDIT] WARN  - [ACCESS_DENIED] username=anonymous requestedUrl=/ws/642/o4tqo2dg/xhr_streaming ip=0:0:0:0:0:0:0:1
2026-04-17 16:42:00.608 [SECURITY_AUDIT] WARN  - [ACCESS_DENIED] username=anonymous requestedUrl=/ws/642/o4tqo2dg/xhr_streaming ip=0:0:0:0:0:0:0:1
2026-04-17 16:42:00.638 [SECURITY_AUDIT] WARN  - [ACCESS_DENIED] username=anonymous requestedUrl=/ws/642/o4tqo2dg/xhr_streaming ip=0:0:0:0:0:0:0:1
2026-04-17 16:42:00.651 [SECURITY_AUDIT] WARN  - [ACCESS_DENIED] username=anonymous requestedUrl=/ws/642/o4tqo2dg/xhr_streaming ip=0:0:0:0:0:0:0:1
2026-04-17 16:42:00.661 [SECURITY_AUDIT] WARN  - [ACCESS_DENIED] username=anonymous requestedUrl=/ws/642/o4tqo2dg/xhr_streaming ip=0:0:0:0:0:0:0:1
2026-04-17 16:42:00.676 [SECURITY_AUDIT] WARN  - [ACCESS_DENIED] username=anonymous requestedUrl=/ws/642/o4tqo2dg/xhr_streaming ip=0:0:0:0:0:0:0:1
2026-04-17 16:42:00.688 [SECURITY_AUDIT] WARN  - [ACCESS_DENIED] username=anonymous requestedUrl=/ws/642/o4tqo2dg/xhr_streaming ip=0:0:0:0:0:0:0:1
2026-04-17 16:42:00.698 [SECURITY_AUDIT] WARN  - [ACCESS_DENIED] username=anonymous requestedUrl=/ws/642/o4tqo2dg/xhr_streaming ip=0:0:0:0:0:0:0:1
2026-04-17 16:42:00.710 [SECURITY_AUDIT] WARN  - [ACCESS_DENIED] username=anonymous requestedUrl=/ws/642/o4tqo2dg/xhr_streaming ip=0:0:0:0:0:0:0:1
2026-04-17 16:42:00.725 [SECURITY_AUDIT] WARN  - [ACCESS_DENIED] username=anonymous requestedUrl=/ws/642/o4tqo2dg/xhr_streaming ip=0:0:0:0:0:0:0:1
2026-04-17 16:42:00.743 [SECURITY_AUDIT] WARN  - [ACCESS_DENIED] username=anonymous requestedUrl=/ws/642/o4tqo2dg/xhr_streaming ip=0:0:0:0:0:0:0:1
2026-04-17 16:42:00.754 [SECURITY_AUDIT] WARN  - [ACCESS_DENIED] username=anonymous requestedUrl=/ws/642/o4tqo2dg/xhr_streaming ip=0:0:0:0:0:0:0:1
2026-04-17 16:42:00.761 [SECURITY_AUDIT] WARN  - [ACCESS_DENIED] username=anonymous requestedUrl=/ws/642/o4tqo2dg/xhr_streaming ip=0:0:0:0:0:0:0:1
2026-04-17 16:42:00.774 [SECURITY_AUDIT] WARN  - [ACCESS_DENIED] username=anonymous requestedUrl=/ws/642/o4tqo2dg/xhr_streaming ip=0:0:0:0:0:0:0:1
2026-04-17 16:42:00.785 [SECURITY_AUDIT] WARN  - [ACCESS_DENIED] username=anonymous requestedUrl=/ws/642/o4tqo2dg/xhr_streaming ip=0:0:0:0:0:0:0:1
2026-04-17 16:42:00.799 [SECURITY_AUDIT] WARN  - [ACCESS_DENIED] username=anonymous requestedUrl=/ws/642/o4tqo2dg/xhr_streaming ip=0:0:0:0:0:0:0:1
2026-04-17 16:42:00.812 [SECURITY_AUDIT] WARN  - [ACCESS_DENIED] username=anonymous requestedUrl=/ws/642/o4tqo2dg/xhr_streaming ip=0:0:0:0:0:0:0:1
2026-04-17 16:42:00.827 [SECURITY_AUDIT] WARN  - [ACCESS_DENIED] username=anonymous requestedUrl=/ws/642/o4tqo2dg/xhr_streaming ip=0:0:0:0:0:0:0:1
2026-04-17 16:42:00.838 [SECURITY_AUDIT] WARN  - [ACCESS_DENIED] username=anonymous requestedUrl=/ws/642/o4tqo2dg/xhr_streaming ip=0:0:0:0:0:0:0:1
2026-04-17 16:42:00.869 [SECURITY_AUDIT] WARN  - [ACCESS_DENIED] username=anonymous requestedUrl=/ws/642/o4tqo2dg/xhr_streaming ip=0:0:0:0:0:0:0:1
2026-04-17 16:42:00.880 [SECURITY_AUDIT] WARN  - [ACCESS_DENIED] username=anonymous requestedUrl=/ws/642/o4tqo2dg/xhr_streaming ip=0:0:0:0:0:0:0:1
2026-04-17 16:42:00.896 [SECURITY_AUDIT] WARN  - [ACCESS_DENIED] username=anonymous requestedUrl=/ws/642/o4tqo2dg/xhr_streaming ip=0:0:0:0:0:0:0:1
2026-04-17 16:42:00.915 [SECURITY_AUDIT] WARN  - [ACCESS_DENIED] username=anonymous requestedUrl=/ws/642/o4tqo2dg/xhr_streaming ip=0:0:0:0:0:0:0:1
2026-04-17 16:42:00.934 [SECURITY_AUDIT] WARN  - [ACCESS_DENIED] username=anonymous requestedUrl=/ws/642/o4tqo2dg/xhr_streaming ip=0:0:0:0:0:0:0:1
2026-04-17 16:42:00.958 [SECURITY_AUDIT] WARN  - [ACCESS_DENIED] username=anonymous requestedUrl=/ws/642/o4tqo2dg/xhr_streaming ip=0:0:0:0:0:0:0:1
2026-04-17 16:42:00.974 [SECURITY_AUDIT] WARN  - [ACCESS_DENIED] username=anonymous requestedUrl=/ws/642/o4tqo2dg/xhr_streaming ip=0:0:0:0:0:0:0:1
2026-04-17 16:42:00.991 [SECURITY_AUDIT] WARN  - [ACCESS_DENIED] username=anonymous requestedUrl=/ws/642/o4tqo2dg/xhr_streaming ip=0:0:0:0:0:0:0:1
2026-04-17 16:42:01.006 [SECURITY_AUDIT] WARN  - [ACCESS_DENIED] username=anonymous requestedUrl=/ws/642/o4tqo2dg/xhr_streaming ip=0:0:0:0:0:0:0:1
2026-04-17 16:42:01.024 [SECURITY_AUDIT] WARN  - [ACCESS_DENIED] username=anonymous requestedUrl=/ws/642/o4tqo2dg/xhr_streaming ip=0:0:0:0:0:0:0:1
2026-04-17 16:42:01.042 [SECURITY_AUDIT] WARN  - [ACCESS_DENIED] username=anonymous requestedUrl=/ws/642/o4tqo2dg/xhr_streaming ip=0:0:0:0:0:0:0:1
2026-04-17 16:42:01.057 [SECURITY_AUDIT] WARN  - [ACCESS_DENIED] username=anonymous requestedUrl=/ws/642/o4tqo2dg/xhr_streaming ip=0:0:0:0:0:0:0:1
2026-04-17 16:42:01.074 [SECURITY_AUDIT] WARN  - [ACCESS_DENIED] username=anonymous requestedUrl=/ws/642/o4tqo2dg/xhr_streaming ip=0:0:0:0:0:0:0:1
2026-04-17 16:42:01.088 [SECURITY_AUDIT] WARN  - [ACCESS_DENIED] username=anonymous requestedUrl=/ws/642/o4tqo2dg/xhr_streaming ip=0:0:0:0:0:0:0:1
2026-04-17 16:42:01.108 [SECURITY_AUDIT] WARN  - [ACCESS_DENIED] username=anonymous requestedUrl=/ws/642/o4tqo2dg/xhr_streaming ip=0:0:0:0:0:0:0:1
2026-04-17 16:42:01.125 [SECURITY_AUDIT] WARN  - [ACCESS_DENIED] username=anonymous requestedUrl=/ws/642/o4tqo2dg/xhr_streaming ip=0:0:0:0:0:0:0:1
2026-04-17 16:42:01.141 [SECURITY_AUDIT] WARN  - [ACCESS_DENIED] username=anonymous requestedUrl=/ws/642/o4tqo2dg/xhr_streaming ip=0:0:0:0:0:0:0:1
2026-04-17 16:42:01.157 [SECURITY_AUDIT] WARN  - [ACCESS_DENIED] username=anonymous requestedUrl=/ws/642/o4tqo2dg/xhr_streaming ip=0:0:0:0:0:0:0:1
2026-04-17 16:42:01.173 [SECURITY_AUDIT] WARN  - [ACCESS_DENIED] username=anonymous requestedUrl=/ws/642/o4tqo2dg/xhr_streaming ip=0:0:0:0:0:0:0:1
2026-04-17 16:42:01.188 [SECURITY_AUDIT] WARN  - [ACCESS_DENIED] username=anonymous requestedUrl=/ws/642/o4tqo2dg/xhr_streaming ip=0:0:0:0:0:0:0:1
2026-04-17 16:42:01.206 [SECURITY_AUDIT] WARN  - [ACCESS_DENIED] username=anonymous requestedUrl=/ws/642/o4tqo2dg/xhr_streaming ip=0:0:0:0:0:0:0:1
2026-04-17 16:42:01.224 [SECURITY_AUDIT] WARN  - [ACCESS_DENIED] username=anonymous requestedUrl=/ws/642/o4tqo2dg/xhr_streaming ip=0:0:0:0:0:0:0:1
2026-04-17 16:42:01.241 [SECURITY_AUDIT] WARN  - [ACCESS_DENIED] username=anonymous requestedUrl=/ws/642/o4tqo2dg/xhr_streaming ip=0:0:0:0:0:0:0:1
2026-04-17 16:42:01.257 [SECURITY_AUDIT] WARN  - [ACCESS_DENIED] username=anonymous requestedUrl=/ws/642/o4tqo2dg/xhr_streaming ip=0:0:0:0:0:0:0:1
2026-04-17 16:42:01.275 [SECURITY_AUDIT] WARN  - [ACCESS_DENIED] username=anonymous requestedUrl=/ws/642/o4tqo2dg/xhr_streaming ip=0:0:0:0:0:0:0:1
2026-04-17 16:42:01.289 [SECURITY_AUDIT] WARN  - [ACCESS_DENIED] username=anonymous requestedUrl=/ws/642/o4tqo2dg/xhr_streaming ip=0:0:0:0:0:0:0:1
2026-04-17 16:42:01.309 [SECURITY_AUDIT] WARN  - [ACCESS_DENIED] username=anonymous requestedUrl=/ws/642/o4tqo2dg/xhr_streaming ip=0:0:0:0:0:0:0:1
2026-04-17 16:42:01.322 [SECURITY_AUDIT] WARN  - [ACCESS_DENIED] username=anonymous requestedUrl=/ws/642/o4tqo2dg/xhr_streaming ip=0:0:0:0:0:0:0:1
2026-04-17 16:42:01.341 [SECURITY_AUDIT] WARN  - [ACCESS_DENIED] username=anonymous requestedUrl=/ws/642/o4tqo2dg/xhr_streaming ip=0:0:0:0:0:0:0:1
2026-04-17 16:42:01.359 [SECURITY_AUDIT] WARN  - [ACCESS_DENIED] username=anonymous requestedUrl=/ws/642/o4tqo2dg/xhr_streaming ip=0:0:0:0:0:0:0:1
2026-04-17 16:42:01.371 [SECURITY_AUDIT] WARN  - [ACCESS_DENIED] username=anonymous requestedUrl=/ws/642/o4tqo2dg/xhr_streaming ip=0:0:0:0:0:0:0:1
2026-04-17 16:42:01.391 [SECURITY_AUDIT] WARN  - [ACCESS_DENIED] username=anonymous requestedUrl=/ws/642/o4tqo2dg/xhr_streaming ip=0:0:0:0:0:0:0:1
2026-04-17 16:42:01.410 [SECURITY_AUDIT] WARN  - [ACCESS_DENIED] username=anonymous requestedUrl=/ws/642/o4tqo2dg/xhr_streaming ip=0:0:0:0:0:0:0:1
2026-04-17 16:42:01.424 [SECURITY_AUDIT] WARN  - [ACCESS_DENIED] username=anonymous requestedUrl=/ws/642/o4tqo2dg/xhr_streaming ip=0:0:0:0:0:0:0:1
2026-04-17 16:42:01.439 [SECURITY_AUDIT] WARN  - [ACCESS_DENIED] username=anonymous requestedUrl=/ws/642/o4tqo2dg/xhr_streaming ip=0:0:0:0:0:0:0:1
2026-04-17 16:42:01.458 [SECURITY_AUDIT] WARN  - [ACCESS_DENIED] username=anonymous requestedUrl=/ws/642/o4tqo2dg/xhr_streaming ip=0:0:0:0:0:0:0:1
2026-04-17 16:42:01.474 [SECURITY_AUDIT] WARN  - [ACCESS_DENIED] username=anonymous requestedUrl=/ws/642/o4tqo2dg/xhr_streaming ip=0:0:0:0:0:0:0:1
2026-04-17 16:42:01.491 [SECURITY_AUDIT] WARN  - [ACCESS_DENIED] username=anonymous requestedUrl=/ws/642/o4tqo2dg/xhr_streaming ip=0:0:0:0:0:0:0:1
2026-04-17 16:42:01.509 [SECURITY_AUDIT] WARN  - [ACCESS_DENIED] username=anonymous requestedUrl=/ws/642/o4tqo2dg/xhr_streaming ip=0:0:0:0:0:0:0:1
2026-04-17 16:42:01.523 [SECURITY_AUDIT] WARN  - [ACCESS_DENIED] username=anonymous requestedUrl=/ws/642/o4tqo2dg/xhr_streaming ip=0:0:0:0:0:0:0:1
2026-04-17 16:42:01.539 [SECURITY_AUDIT] WARN  - [ACCESS_DENIED] username=anonymous requestedUrl=/ws/642/o4tqo2dg/xhr_streaming ip=0:0:0:0:0:0:0:1
2026-04-17 16:42:01.554 [SECURITY_AUDIT] WARN  - [ACCESS_DENIED] username=anonymous requestedUrl=/ws/642/o4tqo2dg/xhr_streaming ip=0:0:0:0:0:0:0:1
2026-04-17 16:42:01.574 [SECURITY_AUDIT] WARN  - [ACCESS_DENIED] username=anonymous requestedUrl=/ws/642/o4tqo2dg/xhr_streaming ip=0:0:0:0:0:0:0:1
2026-04-17 16:42:07.306 [SECURITY_AUDIT] WARN  - [ACCESS_DENIED] username=anonymous requestedUrl=/ws/642/kvshtizc/xhr ip=0:0:0:0:0:0:0:1
2026-04-17 16:42:07.339 [SECURITY_AUDIT] WARN  - [ACCESS_DENIED] username=anonymous requestedUrl=/ws/642/kvshtizc/xhr ip=0:0:0:0:0:0:0:1
2026-04-17 16:42:07.375 [SECURITY_AUDIT] WARN  - [ACCESS_DENIED] username=anonymous requestedUrl=/ws/642/kvshtizc/xhr ip=0:0:0:0:0:0:0:1
2026-04-17 16:42:07.406 [SECURITY_AUDIT] WARN  - [ACCESS_DENIED] username=anonymous requestedUrl=/ws/642/kvshtizc/xhr ip=0:0:0:0:0:0:0:1
2026-04-17 16:42:07.440 [SECURITY_AUDIT] WARN  - [ACCESS_DENIED] username=anonymous requestedUrl=/ws/642/kvshtizc/xhr ip=0:0:0:0:0:0:0:1
2026-04-17 16:42:07.472 [SECURITY_AUDIT] WARN  - [ACCESS_DENIED] username=anonymous requestedUrl=/ws/642/kvshtizc/xhr ip=0:0:0:0:0:0:0:1
2026-04-17 16:43:11.468 [SECURITY_AUDIT] WARN  - [LOGIN_FAILURE] username=yuhhna2907@gmail.com ip=0:0:0:0:0:0:0:1 reason=Invalid credentials
2026-04-17 16:43:16.379 [SECURITY_AUDIT] INFO  - [LOGIN_SUCCESS] username=yuhhna2907 ip=0:0:0:0:0:0:0:1 userAgent=Mozilla/5.0 (Windows NT 10.0; Win64; x64) AppleWebKit/537.36 (KHTML, like Gecko) Chrome/147.0.0.0 Safari/537.36
2026-04-17 16:43:16.704 [SECURITY_AUDIT] WARN  - [ACCESS_DENIED] username=yuhhna2907 requestedUrl=/user/oppo-a78.jpg ip=0:0:0:0:0:0:0:1
2026-04-17 16:43:16.704 [SECURITY_AUDIT] WARN  - [ACCESS_DENIED] username=yuhhna2907 requestedUrl=/user/realme-c55.jpg ip=0:0:0:0:0:0:0:1
2026-04-17 16:43:16.706 [SECURITY_AUDIT] WARN  - [ACCESS_DENIED] username=yuhhna2907 requestedUrl=/user/redmi-13-pp.jpg ip=0:0:0:0:0:0:0:1
2026-04-17 16:43:16.719 [SECURITY_AUDIT] WARN  - [ACCESS_DENIED] username=yuhhna2907 requestedUrl=/user/a55.jpg ip=0:0:0:0:0:0:0:1
2026-04-17 16:43:16.722 [SECURITY_AUDIT] WARN  - [ACCESS_DENIED] username=yuhhna2907 requestedUrl=/user/reno11-p.jpg ip=0:0:0:0:0:0:0:1
2026-04-17 16:43:16.732 [SECURITY_AUDIT] WARN  - [ACCESS_DENIED] username=yuhhna2907 requestedUrl=/user/gt5-pro.jpg ip=0:0:0:0:0:0:0:1
2026-04-17 16:43:16.853 [SECURITY_AUDIT] WARN  - [ACCESS_DENIED] username=yuhhna2907 requestedUrl=/ws/info ip=0:0:0:0:0:0:0:1
2026-04-17 16:43:16.857 [SECURITY_AUDIT] WARN  - [ACCESS_DENIED] username=yuhhna2907 requestedUrl=/user/nothing2.jpg ip=0:0:0:0:0:0:0:1
2026-04-17 16:43:16.867 [SECURITY_AUDIT] WARN  - [ACCESS_DENIED] username=yuhhna2907 requestedUrl=/user/oneplus-12.jpg ip=0:0:0:0:0:0:0:1
2026-04-17 16:43:16.874 [SECURITY_AUDIT] WARN  - [ACCESS_DENIED] username=yuhhna2907 requestedUrl=/user/s23-ultra.jpg ip=0:0:0:0:0:0:0:1
2026-04-17 16:43:16.883 [SECURITY_AUDIT] WARN  - [ACCESS_DENIED] username=yuhhna2907 requestedUrl=/user/find-x7.jpg ip=0:0:0:0:0:0:0:1
2026-04-17 16:43:16.884 [SECURITY_AUDIT] WARN  - [ACCESS_DENIED] username=yuhhna2907 requestedUrl=/user/iphone-15-p.jpg ip=0:0:0:0:0:0:0:1
2026-04-17 16:43:21.922 [SECURITY_AUDIT] WARN  - [ACCESS_DENIED] username=yuhhna2907 requestedUrl=/ws/info ip=0:0:0:0:0:0:0:1
2026-04-17 16:43:27.190 [SECURITY_AUDIT] WARN  - [ACCESS_DENIED] username=yuhhna2907 requestedUrl=/ws/info ip=0:0:0:0:0:0:0:1
2026-04-17 16:43:33.207 [SECURITY_AUDIT] WARN  - [ACCESS_DENIED] username=yuhhna2907 requestedUrl=/ws/info ip=0:0:0:0:0:0:0:1
2026-04-17 16:43:39.204 [SECURITY_AUDIT] WARN  - [ACCESS_DENIED] username=yuhhna2907 requestedUrl=/ws/info ip=0:0:0:0:0:0:0:1
2026-04-17 16:43:45.181 [SECURITY_AUDIT] WARN  - [ACCESS_DENIED] username=yuhhna2907 requestedUrl=/ws/info ip=0:0:0:0:0:0:0:1
2026-04-17 16:43:50.215 [SECURITY_AUDIT] WARN  - [ACCESS_DENIED] username=yuhhna2907 requestedUrl=/ws/info ip=0:0:0:0:0:0:0:1
2026-04-17 16:43:56.197 [SECURITY_AUDIT] WARN  - [ACCESS_DENIED] username=yuhhna2907 requestedUrl=/ws/info ip=0:0:0:0:0:0:0:1
2026-04-17 16:44:02.203 [SECURITY_AUDIT] WARN  - [ACCESS_DENIED] username=yuhhna2907 requestedUrl=/ws/info ip=0:0:0:0:0:0:0:1
2026-04-17 16:44:08.201 [SECURITY_AUDIT] WARN  - [ACCESS_DENIED] username=yuhhna2907 requestedUrl=/ws/info ip=0:0:0:0:0:0:0:1
2026-04-17 16:44:14.191 [SECURITY_AUDIT] WARN  - [ACCESS_DENIED] username=yuhhna2907 requestedUrl=/ws/info ip=0:0:0:0:0:0:0:1
2026-04-17 16:44:20.199 [SECURITY_AUDIT] WARN  - [ACCESS_DENIED] username=yuhhna2907 requestedUrl=/ws/info ip=0:0:0:0:0:0:0:1
2026-04-17 16:44:26.193 [SECURITY_AUDIT] WARN  - [ACCESS_DENIED] username=yuhhna2907 requestedUrl=/ws/info ip=0:0:0:0:0:0:0:1
2026-04-17 16:44:32.195 [SECURITY_AUDIT] WARN  - [ACCESS_DENIED] username=yuhhna2907 requestedUrl=/ws/info ip=0:0:0:0:0:0:0:1
2026-04-17 16:44:38.195 [SECURITY_AUDIT] WARN  - [ACCESS_DENIED] username=yuhhna2907 requestedUrl=/ws/info ip=0:0:0:0:0:0:0:1
2026-04-17 16:44:44.196 [SECURITY_AUDIT] WARN  - [ACCESS_DENIED] username=yuhhna2907 requestedUrl=/ws/info ip=0:0:0:0:0:0:0:1
2026-04-17 16:44:50.189 [SECURITY_AUDIT] WARN  - [ACCESS_DENIED] username=yuhhna2907 requestedUrl=/ws/info ip=0:0:0:0:0:0:0:1
2026-04-17 16:44:56.192 [SECURITY_AUDIT] WARN  - [ACCESS_DENIED] username=yuhhna2907 requestedUrl=/ws/info ip=0:0:0:0:0:0:0:1
2026-04-17 16:45:10.206 [SECURITY_AUDIT] WARN  - [ACCESS_DENIED] username=yuhhna2907 requestedUrl=/ws/info ip=0:0:0:0:0:0:0:1
2026-04-17 16:45:16.973 [SECURITY_AUDIT] WARN  - [ACCESS_DENIED] username=yuhhna2907 requestedUrl=/ws/info ip=0:0:0:0:0:0:0:1
2026-04-17 16:45:22.217 [SECURITY_AUDIT] WARN  - [ACCESS_DENIED] username=yuhhna2907 requestedUrl=/ws/info ip=127.0.0.1
2026-04-17 16:45:28.193 [SECURITY_AUDIT] WARN  - [ACCESS_DENIED] username=yuhhna2907 requestedUrl=/ws/info ip=0:0:0:0:0:0:0:1
2026-04-17 16:45:34.194 [SECURITY_AUDIT] WARN  - [ACCESS_DENIED] username=yuhhna2907 requestedUrl=/ws/info ip=0:0:0:0:0:0:0:1
2026-04-17 16:45:40.194 [SECURITY_AUDIT] WARN  - [ACCESS_DENIED] username=yuhhna2907 requestedUrl=/ws/info ip=0:0:0:0:0:0:0:1
2026-04-17 16:45:46.198 [SECURITY_AUDIT] WARN  - [ACCESS_DENIED] username=yuhhna2907 requestedUrl=/ws/info ip=0:0:0:0:0:0:0:1
2026-04-17 16:45:51.214 [SECURITY_AUDIT] WARN  - [ACCESS_DENIED] username=yuhhna2907 requestedUrl=/ws/info ip=0:0:0:0:0:0:0:1
2026-04-17 16:45:56.246 [SECURITY_AUDIT] WARN  - [ACCESS_DENIED] username=yuhhna2907 requestedUrl=/ws/info ip=0:0:0:0:0:0:0:1
2026-04-17 16:46:01.277 [SECURITY_AUDIT] WARN  - [ACCESS_DENIED] username=yuhhna2907 requestedUrl=/ws/info ip=0:0:0:0:0:0:0:1
2026-04-17 16:46:06.314 [SECURITY_AUDIT] WARN  - [ACCESS_DENIED] username=yuhhna2907 requestedUrl=/ws/info ip=0:0:0:0:0:0:0:1
2026-04-17 16:46:11.346 [SECURITY_AUDIT] WARN  - [ACCESS_DENIED] username=yuhhna2907 requestedUrl=/ws/info ip=0:0:0:0:0:0:0:1
2026-04-17 16:46:16.375 [SECURITY_AUDIT] WARN  - [ACCESS_DENIED] username=yuhhna2907 requestedUrl=/ws/info ip=0:0:0:0:0:0:0:1
2026-04-17 16:46:22.204 [SECURITY_AUDIT] WARN  - [ACCESS_DENIED] username=yuhhna2907 requestedUrl=/ws/info ip=0:0:0:0:0:0:0:1
2026-04-17 16:46:28.195 [SECURITY_AUDIT] WARN  - [ACCESS_DENIED] username=yuhhna2907 requestedUrl=/ws/info ip=0:0:0:0:0:0:0:1
2026-04-17 16:46:34.188 [SECURITY_AUDIT] WARN  - [ACCESS_DENIED] username=yuhhna2907 requestedUrl=/ws/info ip=0:0:0:0:0:0:0:1
2026-04-17 16:46:40.197 [SECURITY_AUDIT] WARN  - [ACCESS_DENIED] username=yuhhna2907 requestedUrl=/ws/info ip=0:0:0:0:0:0:0:1
2026-04-17 16:46:45.231 [SECURITY_AUDIT] WARN  - [ACCESS_DENIED] username=yuhhna2907 requestedUrl=/ws/info ip=0:0:0:0:0:0:0:1
2026-04-17 16:46:50.265 [SECURITY_AUDIT] WARN  - [ACCESS_DENIED] username=yuhhna2907 requestedUrl=/ws/info ip=0:0:0:0:0:0:0:1
2026-04-17 16:46:55.311 [SECURITY_AUDIT] WARN  - [ACCESS_DENIED] username=yuhhna2907 requestedUrl=/ws/info ip=0:0:0:0:0:0:0:1
2026-04-17 16:47:00.353 [SECURITY_AUDIT] WARN  - [ACCESS_DENIED] username=yuhhna2907 requestedUrl=/ws/info ip=0:0:0:0:0:0:0:1
2026-04-17 16:47:06.197 [SECURITY_AUDIT] WARN  - [ACCESS_DENIED] username=yuhhna2907 requestedUrl=/ws/info ip=0:0:0:0:0:0:0:1
2026-04-17 16:47:12.193 [SECURITY_AUDIT] WARN  - [ACCESS_DENIED] username=yuhhna2907 requestedUrl=/ws/info ip=0:0:0:0:0:0:0:1
2026-04-17 16:47:18.204 [SECURITY_AUDIT] WARN  - [ACCESS_DENIED] username=yuhhna2907 requestedUrl=/ws/info ip=0:0:0:0:0:0:0:1
2026-04-17 16:47:24.197 [SECURITY_AUDIT] WARN  - [ACCESS_DENIED] username=yuhhna2907 requestedUrl=/ws/info ip=0:0:0:0:0:0:0:1
2026-04-17 16:47:30.199 [SECURITY_AUDIT] WARN  - [ACCESS_DENIED] username=yuhhna2907 requestedUrl=/ws/info ip=0:0:0:0:0:0:0:1
2026-04-17 16:47:36.196 [SECURITY_AUDIT] WARN  - [ACCESS_DENIED] username=yuhhna2907 requestedUrl=/ws/info ip=0:0:0:0:0:0:0:1
2026-04-17 16:47:42.200 [SECURITY_AUDIT] WARN  - [ACCESS_DENIED] username=yuhhna2907 requestedUrl=/ws/info ip=0:0:0:0:0:0:0:1
2026-04-17 16:47:48.203 [SECURITY_AUDIT] WARN  - [ACCESS_DENIED] username=yuhhna2907 requestedUrl=/ws/info ip=0:0:0:0:0:0:0:1
2026-04-17 16:47:54.194 [SECURITY_AUDIT] WARN  - [ACCESS_DENIED] username=yuhhna2907 requestedUrl=/ws/info ip=0:0:0:0:0:0:0:1
2026-04-17 16:48:00.192 [SECURITY_AUDIT] WARN  - [ACCESS_DENIED] username=yuhhna2907 requestedUrl=/ws/info ip=0:0:0:0:0:0:0:1
2026-04-17 16:48:05.863 [SECURITY_AUDIT] WARN  - [ACCESS_DENIED] username=yuhhna2907 requestedUrl=/ws/info ip=0:0:0:0:0:0:0:1
2026-04-17 16:48:09.627 [SECURITY_AUDIT] WARN  - [ACCESS_DENIED] username=yuhhna2907 requestedUrl=/ws/info ip=0:0:0:0:0:0:0:1
2026-04-17 16:48:17.028 [SECURITY_AUDIT] WARN  - [ACCESS_DENIED] username=yuhhna2907 requestedUrl=/api/check-username ip=0:0:0:0:0:0:0:1
2026-04-17 16:48:17.532 [SECURITY_AUDIT] WARN  - [ACCESS_DENIED] username=yuhhna2907 requestedUrl=/api/check-username ip=0:0:0:0:0:0:0:1
2026-04-17 16:58:07.787 [SECURITY_AUDIT] WARN  - [ACCESS_DENIED] username=yuhhna2907 requestedUrl=/api/check-username ip=0:0:0:0:0:0:0:1
2026-04-17 16:58:25.811 [SECURITY_AUDIT] WARN  - [ACCESS_DENIED] username=yuhhna2907 requestedUrl=/api/check-username ip=0:0:0:0:0:0:0:1
2026-04-17 16:58:26.315 [SECURITY_AUDIT] WARN  - [ACCESS_DENIED] username=yuhhna2907 requestedUrl=/api/check-username ip=0:0:0:0:0:0:0:1
2026-04-17 17:02:17.434 [SECURITY_AUDIT] WARN  - [LOGIN_FAILURE] username=yuhhna2907@gmail.com ip=0:0:0:0:0:0:0:1 reason=Invalid credentials
2026-04-17 17:02:42.965 [SECURITY_AUDIT] INFO  - [LOGIN_SUCCESS] username=yuhhna2907 ip=0:0:0:0:0:0:0:1 userAgent=Mozilla/5.0 (Windows NT 10.0; Win64; x64) AppleWebKit/537.36 (KHTML, like Gecko) Chrome/147.0.0.0 Safari/537.36
2026-04-17 17:02:44.241 [SECURITY_AUDIT] WARN  - [ACCESS_DENIED] username=yuhhna2907 requestedUrl=/user/oppo-a78.jpg ip=0:0:0:0:0:0:0:1
2026-04-17 17:02:44.245 [SECURITY_AUDIT] WARN  - [ACCESS_DENIED] username=yuhhna2907 requestedUrl=/user/redmi-13-pp.jpg ip=0:0:0:0:0:0:0:1
2026-04-17 17:02:44.246 [SECURITY_AUDIT] WARN  - [ACCESS_DENIED] username=yuhhna2907 requestedUrl=/user/realme-c55.jpg ip=0:0:0:0:0:0:0:1
2026-04-17 17:02:44.262 [SECURITY_AUDIT] WARN  - [ACCESS_DENIED] username=yuhhna2907 requestedUrl=/user/a55.jpg ip=0:0:0:0:0:0:0:1
2026-04-17 17:02:44.273 [SECURITY_AUDIT] WARN  - [ACCESS_DENIED] username=yuhhna2907 requestedUrl=/user/reno11-p.jpg ip=0:0:0:0:0:0:0:1
2026-04-17 17:02:44.277 [SECURITY_AUDIT] WARN  - [ACCESS_DENIED] username=yuhhna2907 requestedUrl=/user/gt5-pro.jpg ip=0:0:0:0:0:0:0:1
2026-04-17 17:02:44.455 [SECURITY_AUDIT] WARN  - [ACCESS_DENIED] username=yuhhna2907 requestedUrl=/user/nothing2.jpg ip=0:0:0:0:0:0:0:1
2026-04-17 17:02:44.482 [SECURITY_AUDIT] WARN  - [ACCESS_DENIED] username=yuhhna2907 requestedUrl=/user/oneplus-12.jpg ip=0:0:0:0:0:0:0:1
2026-04-17 17:02:44.495 [SECURITY_AUDIT] WARN  - [ACCESS_DENIED] username=yuhhna2907 requestedUrl=/user/s23-ultra.jpg ip=0:0:0:0:0:0:0:1
2026-04-17 17:02:44.499 [SECURITY_AUDIT] WARN  - [ACCESS_DENIED] username=yuhhna2907 requestedUrl=/user/find-x7.jpg ip=0:0:0:0:0:0:0:1
2026-04-17 17:02:44.506 [SECURITY_AUDIT] WARN  - [ACCESS_DENIED] username=yuhhna2907 requestedUrl=/user/iphone-15-p.jpg ip=0:0:0:0:0:0:0:1
2026-04-17 17:02:44.663 [SECURITY_AUDIT] WARN  - [ACCESS_DENIED] username=yuhhna2907 requestedUrl=/ws/info ip=0:0:0:0:0:0:0:1
2026-04-17 17:02:46.243 [SECURITY_AUDIT] WARN  - [ACCESS_DENIED] username=yuhhna2907 requestedUrl=/ws/info ip=0:0:0:0:0:0:0:1
2026-04-17 17:02:51.445 [SECURITY_AUDIT] WARN  - [ACCESS_DENIED] username=yuhhna2907 requestedUrl=/ws/info ip=0:0:0:0:0:0:0:1
2026-04-17 17:02:56.473 [SECURITY_AUDIT] WARN  - [ACCESS_DENIED] username=yuhhna2907 requestedUrl=/ws/info ip=0:0:0:0:0:0:0:1
2026-04-17 17:03:01.494 [SECURITY_AUDIT] WARN  - [ACCESS_DENIED] username=yuhhna2907 requestedUrl=/ws/info ip=0:0:0:0:0:0:0:1
2026-04-17 17:03:06.515 [SECURITY_AUDIT] WARN  - [ACCESS_DENIED] username=yuhhna2907 requestedUrl=/ws/info ip=0:0:0:0:0:0:0:1
2026-04-17 17:03:11.542 [SECURITY_AUDIT] WARN  - [ACCESS_DENIED] username=yuhhna2907 requestedUrl=/ws/info ip=0:0:0:0:0:0:0:1
2026-04-17 17:03:16.553 [SECURITY_AUDIT] WARN  - [ACCESS_DENIED] username=yuhhna2907 requestedUrl=/ws/info ip=0:0:0:0:0:0:0:1
2026-04-17 17:03:22.196 [SECURITY_AUDIT] WARN  - [ACCESS_DENIED] username=yuhhna2907 requestedUrl=/ws/info ip=0:0:0:0:0:0:0:1
2026-04-17 17:03:28.195 [SECURITY_AUDIT] WARN  - [ACCESS_DENIED] username=yuhhna2907 requestedUrl=/ws/info ip=0:0:0:0:0:0:0:1
2026-04-17 17:03:34.190 [SECURITY_AUDIT] WARN  - [ACCESS_DENIED] username=yuhhna2907 requestedUrl=/ws/info ip=0:0:0:0:0:0:0:1
2026-04-17 17:03:40.191 [SECURITY_AUDIT] WARN  - [ACCESS_DENIED] username=yuhhna2907 requestedUrl=/ws/info ip=0:0:0:0:0:0:0:1
2026-04-17 17:03:46.201 [SECURITY_AUDIT] WARN  - [ACCESS_DENIED] username=yuhhna2907 requestedUrl=/ws/info ip=0:0:0:0:0:0:0:1
2026-04-17 17:03:52.189 [SECURITY_AUDIT] WARN  - [ACCESS_DENIED] username=yuhhna2907 requestedUrl=/ws/info ip=0:0:0:0:0:0:0:1
2026-04-17 17:03:58.199 [SECURITY_AUDIT] WARN  - [ACCESS_DENIED] username=yuhhna2907 requestedUrl=/ws/info ip=0:0:0:0:0:0:0:1
2026-04-17 17:04:04.189 [SECURITY_AUDIT] WARN  - [ACCESS_DENIED] username=yuhhna2907 requestedUrl=/ws/info ip=0:0:0:0:0:0:0:1
2026-04-17 17:04:10.187 [SECURITY_AUDIT] WARN  - [ACCESS_DENIED] username=yuhhna2907 requestedUrl=/ws/info ip=0:0:0:0:0:0:0:1
2026-04-17 17:04:16.203 [SECURITY_AUDIT] WARN  - [ACCESS_DENIED] username=yuhhna2907 requestedUrl=/ws/info ip=0:0:0:0:0:0:0:1
2026-04-17 17:04:22.195 [SECURITY_AUDIT] WARN  - [ACCESS_DENIED] username=yuhhna2907 requestedUrl=/ws/info ip=0:0:0:0:0:0:0:1
2026-04-17 17:04:28.194 [SECURITY_AUDIT] WARN  - [ACCESS_DENIED] username=yuhhna2907 requestedUrl=/ws/info ip=0:0:0:0:0:0:0:1
2026-04-17 17:04:34.193 [SECURITY_AUDIT] WARN  - [ACCESS_DENIED] username=yuhhna2907 requestedUrl=/ws/info ip=0:0:0:0:0:0:0:1
2026-04-17 17:04:40.190 [SECURITY_AUDIT] WARN  - [ACCESS_DENIED] username=yuhhna2907 requestedUrl=/ws/info ip=0:0:0:0:0:0:0:1
2026-04-17 17:04:46.201 [SECURITY_AUDIT] WARN  - [ACCESS_DENIED] username=yuhhna2907 requestedUrl=/ws/info ip=0:0:0:0:0:0:0:1
2026-04-17 17:04:52.196 [SECURITY_AUDIT] WARN  - [ACCESS_DENIED] username=yuhhna2907 requestedUrl=/ws/info ip=0:0:0:0:0:0:0:1
2026-04-17 17:04:58.200 [SECURITY_AUDIT] WARN  - [ACCESS_DENIED] username=yuhhna2907 requestedUrl=/ws/info ip=0:0:0:0:0:0:0:1
2026-04-17 17:05:04.189 [SECURITY_AUDIT] WARN  - [ACCESS_DENIED] username=yuhhna2907 requestedUrl=/ws/info ip=0:0:0:0:0:0:0:1
2026-04-17 17:05:10.206 [SECURITY_AUDIT] WARN  - [ACCESS_DENIED] username=yuhhna2907 requestedUrl=/ws/info ip=0:0:0:0:0:0:0:1
2026-04-17 17:05:16.197 [SECURITY_AUDIT] WARN  - [ACCESS_DENIED] username=yuhhna2907 requestedUrl=/ws/info ip=0:0:0:0:0:0:0:1
2026-04-17 17:05:22.199 [SECURITY_AUDIT] WARN  - [ACCESS_DENIED] username=yuhhna2907 requestedUrl=/ws/info ip=0:0:0:0:0:0:0:1
2026-04-17 17:05:28.196 [SECURITY_AUDIT] WARN  - [ACCESS_DENIED] username=yuhhna2907 requestedUrl=/ws/info ip=0:0:0:0:0:0:0:1
2026-04-17 17:05:34.193 [SECURITY_AUDIT] WARN  - [ACCESS_DENIED] username=yuhhna2907 requestedUrl=/ws/info ip=0:0:0:0:0:0:0:1
2026-04-17 17:05:40.191 [SECURITY_AUDIT] WARN  - [ACCESS_DENIED] username=yuhhna2907 requestedUrl=/ws/info ip=0:0:0:0:0:0:0:1
2026-04-17 17:05:46.185 [SECURITY_AUDIT] WARN  - [ACCESS_DENIED] username=yuhhna2907 requestedUrl=/ws/info ip=0:0:0:0:0:0:0:1
2026-04-17 17:05:52.234 [SECURITY_AUDIT] WARN  - [ACCESS_DENIED] username=yuhhna2907 requestedUrl=/ws/info ip=0:0:0:0:0:0:0:1
2026-04-17 17:05:58.196 [SECURITY_AUDIT] WARN  - [ACCESS_DENIED] username=yuhhna2907 requestedUrl=/ws/info ip=0:0:0:0:0:0:0:1
2026-04-17 17:06:04.196 [SECURITY_AUDIT] WARN  - [ACCESS_DENIED] username=yuhhna2907 requestedUrl=/ws/info ip=0:0:0:0:0:0:0:1
2026-04-17 17:06:10.195 [SECURITY_AUDIT] WARN  - [ACCESS_DENIED] username=yuhhna2907 requestedUrl=/ws/info ip=0:0:0:0:0:0:0:1
2026-04-17 17:06:16.204 [SECURITY_AUDIT] WARN  - [ACCESS_DENIED] username=yuhhna2907 requestedUrl=/ws/info ip=0:0:0:0:0:0:0:1
2026-04-17 17:06:22.198 [SECURITY_AUDIT] WARN  - [ACCESS_DENIED] username=yuhhna2907 requestedUrl=/ws/info ip=0:0:0:0:0:0:0:1
2026-04-17 17:06:28.203 [SECURITY_AUDIT] WARN  - [ACCESS_DENIED] username=yuhhna2907 requestedUrl=/ws/info ip=0:0:0:0:0:0:0:1
2026-04-17 17:06:34.205 [SECURITY_AUDIT] WARN  - [ACCESS_DENIED] username=yuhhna2907 requestedUrl=/ws/info ip=0:0:0:0:0:0:0:1
2026-04-17 17:06:40.194 [SECURITY_AUDIT] WARN  - [ACCESS_DENIED] username=yuhhna2907 requestedUrl=/ws/info ip=0:0:0:0:0:0:0:1
2026-04-17 17:06:46.187 [SECURITY_AUDIT] WARN  - [ACCESS_DENIED] username=yuhhna2907 requestedUrl=/ws/info ip=0:0:0:0:0:0:0:1
2026-04-17 17:06:52.202 [SECURITY_AUDIT] WARN  - [ACCESS_DENIED] username=yuhhna2907 requestedUrl=/ws/info ip=0:0:0:0:0:0:0:1
2026-04-17 17:06:58.190 [SECURITY_AUDIT] WARN  - [ACCESS_DENIED] username=yuhhna2907 requestedUrl=/ws/info ip=0:0:0:0:0:0:0:1
2026-04-17 17:07:04.196 [SECURITY_AUDIT] WARN  - [ACCESS_DENIED] username=yuhhna2907 requestedUrl=/ws/info ip=0:0:0:0:0:0:0:1
2026-04-17 17:07:10.186 [SECURITY_AUDIT] WARN  - [ACCESS_DENIED] username=yuhhna2907 requestedUrl=/ws/info ip=0:0:0:0:0:0:0:1
2026-04-17 17:07:16.199 [SECURITY_AUDIT] WARN  - [ACCESS_DENIED] username=yuhhna2907 requestedUrl=/ws/info ip=0:0:0:0:0:0:0:1
2026-04-17 17:07:22.194 [SECURITY_AUDIT] WARN  - [ACCESS_DENIED] username=yuhhna2907 requestedUrl=/ws/info ip=0:0:0:0:0:0:0:1
2026-04-17 17:07:28.193 [SECURITY_AUDIT] WARN  - [ACCESS_DENIED] username=yuhhna2907 requestedUrl=/ws/info ip=0:0:0:0:0:0:0:1
2026-04-17 17:07:34.194 [SECURITY_AUDIT] WARN  - [ACCESS_DENIED] username=yuhhna2907 requestedUrl=/ws/info ip=0:0:0:0:0:0:0:1
2026-04-17 17:07:40.203 [SECURITY_AUDIT] WARN  - [ACCESS_DENIED] username=yuhhna2907 requestedUrl=/ws/info ip=0:0:0:0:0:0:0:1
2026-04-17 17:07:46.187 [SECURITY_AUDIT] WARN  - [ACCESS_DENIED] username=yuhhna2907 requestedUrl=/ws/info ip=0:0:0:0:0:0:0:1
2026-04-17 17:07:52.187 [SECURITY_AUDIT] WARN  - [ACCESS_DENIED] username=yuhhna2907 requestedUrl=/ws/info ip=0:0:0:0:0:0:0:1
2026-04-17 17:07:58.191 [SECURITY_AUDIT] WARN  - [ACCESS_DENIED] username=yuhhna2907 requestedUrl=/ws/info ip=0:0:0:0:0:0:0:1
2026-04-17 17:08:04.192 [SECURITY_AUDIT] WARN  - [ACCESS_DENIED] username=yuhhna2907 requestedUrl=/ws/info ip=0:0:0:0:0:0:0:1
2026-04-17 17:08:10.200 [SECURITY_AUDIT] WARN  - [ACCESS_DENIED] username=yuhhna2907 requestedUrl=/ws/info ip=0:0:0:0:0:0:0:1
2026-04-17 17:08:16.192 [SECURITY_AUDIT] WARN  - [ACCESS_DENIED] username=yuhhna2907 requestedUrl=/ws/info ip=0:0:0:0:0:0:0:1
2026-04-17 17:08:22.192 [SECURITY_AUDIT] WARN  - [ACCESS_DENIED] username=yuhhna2907 requestedUrl=/ws/info ip=0:0:0:0:0:0:0:1
2026-04-17 17:08:28.194 [SECURITY_AUDIT] WARN  - [ACCESS_DENIED] username=yuhhna2907 requestedUrl=/ws/info ip=0:0:0:0:0:0:0:1
2026-04-17 17:08:34.190 [SECURITY_AUDIT] WARN  - [ACCESS_DENIED] username=yuhhna2907 requestedUrl=/ws/info ip=0:0:0:0:0:0:0:1
2026-04-17 17:08:40.199 [SECURITY_AUDIT] WARN  - [ACCESS_DENIED] username=yuhhna2907 requestedUrl=/ws/info ip=0:0:0:0:0:0:0:1
2026-04-17 17:08:46.205 [SECURITY_AUDIT] WARN  - [ACCESS_DENIED] username=yuhhna2907 requestedUrl=/ws/info ip=0:0:0:0:0:0:0:1
2026-04-17 17:08:52.188 [SECURITY_AUDIT] WARN  - [ACCESS_DENIED] username=yuhhna2907 requestedUrl=/ws/info ip=0:0:0:0:0:0:0:1
2026-04-17 17:08:58.193 [SECURITY_AUDIT] WARN  - [ACCESS_DENIED] username=yuhhna2907 requestedUrl=/ws/info ip=0:0:0:0:0:0:0:1
2026-04-17 17:09:04.202 [SECURITY_AUDIT] WARN  - [ACCESS_DENIED] username=yuhhna2907 requestedUrl=/ws/info ip=0:0:0:0:0:0:0:1
2026-04-17 17:09:10.184 [SECURITY_AUDIT] WARN  - [ACCESS_DENIED] username=yuhhna2907 requestedUrl=/ws/info ip=0:0:0:0:0:0:0:1
2026-04-17 17:09:16.187 [SECURITY_AUDIT] WARN  - [ACCESS_DENIED] username=yuhhna2907 requestedUrl=/ws/info ip=0:0:0:0:0:0:0:1
2026-04-17 17:09:22.195 [SECURITY_AUDIT] WARN  - [ACCESS_DENIED] username=yuhhna2907 requestedUrl=/ws/info ip=0:0:0:0:0:0:0:1
2026-04-17 17:09:28.193 [SECURITY_AUDIT] WARN  - [ACCESS_DENIED] username=yuhhna2907 requestedUrl=/ws/info ip=0:0:0:0:0:0:0:1
2026-04-17 17:09:34.190 [SECURITY_AUDIT] WARN  - [ACCESS_DENIED] username=yuhhna2907 requestedUrl=/ws/info ip=0:0:0:0:0:0:0:1
2026-04-17 17:09:40.195 [SECURITY_AUDIT] WARN  - [ACCESS_DENIED] username=yuhhna2907 requestedUrl=/ws/info ip=0:0:0:0:0:0:0:1
2026-04-17 17:09:46.199 [SECURITY_AUDIT] WARN  - [ACCESS_DENIED] username=yuhhna2907 requestedUrl=/ws/info ip=0:0:0:0:0:0:0:1
2026-04-17 17:09:52.192 [SECURITY_AUDIT] WARN  - [ACCESS_DENIED] username=yuhhna2907 requestedUrl=/ws/info ip=0:0:0:0:0:0:0:1
2026-04-17 17:09:58.188 [SECURITY_AUDIT] WARN  - [ACCESS_DENIED] username=yuhhna2907 requestedUrl=/ws/info ip=0:0:0:0:0:0:0:1
2026-04-17 17:10:04.194 [SECURITY_AUDIT] WARN  - [ACCESS_DENIED] username=yuhhna2907 requestedUrl=/ws/info ip=0:0:0:0:0:0:0:1
2026-04-17 17:10:10.200 [SECURITY_AUDIT] WARN  - [ACCESS_DENIED] username=yuhhna2907 requestedUrl=/ws/info ip=0:0:0:0:0:0:0:1
2026-04-17 17:10:16.197 [SECURITY_AUDIT] WARN  - [ACCESS_DENIED] username=yuhhna2907 requestedUrl=/ws/info ip=0:0:0:0:0:0:0:1
2026-04-17 17:10:22.201 [SECURITY_AUDIT] WARN  - [ACCESS_DENIED] username=yuhhna2907 requestedUrl=/ws/info ip=0:0:0:0:0:0:0:1
2026-04-17 17:10:28.188 [SECURITY_AUDIT] WARN  - [ACCESS_DENIED] username=yuhhna2907 requestedUrl=/ws/info ip=0:0:0:0:0:0:0:1
2026-04-17 17:10:34.188 [SECURITY_AUDIT] WARN  - [ACCESS_DENIED] username=yuhhna2907 requestedUrl=/ws/info ip=0:0:0:0:0:0:0:1
2026-04-17 17:10:40.193 [SECURITY_AUDIT] WARN  - [ACCESS_DENIED] username=yuhhna2907 requestedUrl=/ws/info ip=0:0:0:0:0:0:0:1
2026-04-17 17:10:46.197 [SECURITY_AUDIT] WARN  - [ACCESS_DENIED] username=yuhhna2907 requestedUrl=/ws/info ip=0:0:0:0:0:0:0:1
2026-04-17 17:10:52.195 [SECURITY_AUDIT] WARN  - [ACCESS_DENIED] username=yuhhna2907 requestedUrl=/ws/info ip=0:0:0:0:0:0:0:1
2026-04-17 17:10:58.187 [SECURITY_AUDIT] WARN  - [ACCESS_DENIED] username=yuhhna2907 requestedUrl=/ws/info ip=0:0:0:0:0:0:0:1
2026-04-17 17:11:04.203 [SECURITY_AUDIT] WARN  - [ACCESS_DENIED] username=yuhhna2907 requestedUrl=/ws/info ip=0:0:0:0:0:0:0:1
2026-04-17 17:11:10.195 [SECURITY_AUDIT] WARN  - [ACCESS_DENIED] username=yuhhna2907 requestedUrl=/ws/info ip=0:0:0:0:0:0:0:1
2026-04-17 17:11:16.195 [SECURITY_AUDIT] WARN  - [ACCESS_DENIED] username=yuhhna2907 requestedUrl=/ws/info ip=0:0:0:0:0:0:0:1
2026-04-17 17:11:22.193 [SECURITY_AUDIT] WARN  - [ACCESS_DENIED] username=yuhhna2907 requestedUrl=/ws/info ip=0:0:0:0:0:0:0:1
2026-04-17 17:11:28.192 [SECURITY_AUDIT] WARN  - [ACCESS_DENIED] username=yuhhna2907 requestedUrl=/ws/info ip=0:0:0:0:0:0:0:1
2026-04-17 17:11:34.200 [SECURITY_AUDIT] WARN  - [ACCESS_DENIED] username=yuhhna2907 requestedUrl=/ws/info ip=0:0:0:0:0:0:0:1
2026-04-17 17:11:40.207 [SECURITY_AUDIT] WARN  - [ACCESS_DENIED] username=yuhhna2907 requestedUrl=/ws/info ip=0:0:0:0:0:0:0:1
2026-04-17 17:11:46.200 [SECURITY_AUDIT] WARN  - [ACCESS_DENIED] username=yuhhna2907 requestedUrl=/ws/info ip=0:0:0:0:0:0:0:1
2026-04-17 17:11:52.190 [SECURITY_AUDIT] WARN  - [ACCESS_DENIED] username=yuhhna2907 requestedUrl=/ws/info ip=0:0:0:0:0:0:0:1
2026-04-17 17:11:58.191 [SECURITY_AUDIT] WARN  - [ACCESS_DENIED] username=yuhhna2907 requestedUrl=/ws/info ip=0:0:0:0:0:0:0:1
2026-04-17 17:12:04.200 [SECURITY_AUDIT] WARN  - [ACCESS_DENIED] username=yuhhna2907 requestedUrl=/ws/info ip=0:0:0:0:0:0:0:1
2026-04-17 17:12:10.195 [SECURITY_AUDIT] WARN  - [ACCESS_DENIED] username=yuhhna2907 requestedUrl=/ws/info ip=0:0:0:0:0:0:0:1
2026-04-17 17:12:16.190 [SECURITY_AUDIT] WARN  - [ACCESS_DENIED] username=yuhhna2907 requestedUrl=/ws/info ip=0:0:0:0:0:0:0:1
2026-04-17 17:12:22.188 [SECURITY_AUDIT] WARN  - [ACCESS_DENIED] username=yuhhna2907 requestedUrl=/ws/info ip=0:0:0:0:0:0:0:1
2026-04-17 17:12:28.192 [SECURITY_AUDIT] WARN  - [ACCESS_DENIED] username=yuhhna2907 requestedUrl=/ws/info ip=0:0:0:0:0:0:0:1
2026-04-17 17:12:34.197 [SECURITY_AUDIT] WARN  - [ACCESS_DENIED] username=yuhhna2907 requestedUrl=/ws/info ip=0:0:0:0:0:0:0:1
2026-04-17 17:12:40.198 [SECURITY_AUDIT] WARN  - [ACCESS_DENIED] username=yuhhna2907 requestedUrl=/ws/info ip=0:0:0:0:0:0:0:1
2026-04-17 17:12:46.189 [SECURITY_AUDIT] WARN  - [ACCESS_DENIED] username=yuhhna2907 requestedUrl=/ws/info ip=0:0:0:0:0:0:0:1
2026-04-17 17:12:52.200 [SECURITY_AUDIT] WARN  - [ACCESS_DENIED] username=yuhhna2907 requestedUrl=/ws/info ip=0:0:0:0:0:0:0:1
2026-04-17 17:12:58.199 [SECURITY_AUDIT] WARN  - [ACCESS_DENIED] username=yuhhna2907 requestedUrl=/ws/info ip=0:0:0:0:0:0:0:1
2026-04-17 17:13:04.187 [SECURITY_AUDIT] WARN  - [ACCESS_DENIED] username=yuhhna2907 requestedUrl=/ws/info ip=0:0:0:0:0:0:0:1
2026-04-17 17:13:10.189 [SECURITY_AUDIT] WARN  - [ACCESS_DENIED] username=yuhhna2907 requestedUrl=/ws/info ip=0:0:0:0:0:0:0:1
2026-04-17 17:13:16.195 [SECURITY_AUDIT] WARN  - [ACCESS_DENIED] username=yuhhna2907 requestedUrl=/ws/info ip=0:0:0:0:0:0:0:1
2026-04-17 17:13:22.200 [SECURITY_AUDIT] WARN  - [ACCESS_DENIED] username=yuhhna2907 requestedUrl=/ws/info ip=0:0:0:0:0:0:0:1
2026-04-17 17:13:28.199 [SECURITY_AUDIT] WARN  - [ACCESS_DENIED] username=yuhhna2907 requestedUrl=/ws/info ip=0:0:0:0:0:0:0:1
2026-04-17 17:13:34.186 [SECURITY_AUDIT] WARN  - [ACCESS_DENIED] username=yuhhna2907 requestedUrl=/ws/info ip=0:0:0:0:0:0:0:1
2026-04-17 17:13:40.201 [SECURITY_AUDIT] WARN  - [ACCESS_DENIED] username=yuhhna2907 requestedUrl=/ws/info ip=0:0:0:0:0:0:0:1
2026-04-17 17:13:46.193 [SECURITY_AUDIT] WARN  - [ACCESS_DENIED] username=yuhhna2907 requestedUrl=/ws/info ip=0:0:0:0:0:0:0:1
2026-04-17 17:13:52.200 [SECURITY_AUDIT] WARN  - [ACCESS_DENIED] username=yuhhna2907 requestedUrl=/ws/info ip=0:0:0:0:0:0:0:1
2026-04-17 17:13:58.195 [SECURITY_AUDIT] WARN  - [ACCESS_DENIED] username=yuhhna2907 requestedUrl=/ws/info ip=0:0:0:0:0:0:0:1
2026-04-17 17:14:04.199 [SECURITY_AUDIT] WARN  - [ACCESS_DENIED] username=yuhhna2907 requestedUrl=/ws/info ip=0:0:0:0:0:0:0:1
2026-04-17 17:14:10.190 [SECURITY_AUDIT] WARN  - [ACCESS_DENIED] username=yuhhna2907 requestedUrl=/ws/info ip=0:0:0:0:0:0:0:1
2026-04-17 17:14:16.191 [SECURITY_AUDIT] WARN  - [ACCESS_DENIED] username=yuhhna2907 requestedUrl=/ws/info ip=0:0:0:0:0:0:0:1
2026-04-17 17:14:22.199 [SECURITY_AUDIT] WARN  - [ACCESS_DENIED] username=yuhhna2907 requestedUrl=/ws/info ip=0:0:0:0:0:0:0:1
2026-04-17 17:14:28.190 [SECURITY_AUDIT] WARN  - [ACCESS_DENIED] username=yuhhna2907 requestedUrl=/ws/info ip=0:0:0:0:0:0:0:1
2026-04-17 17:14:34.197 [SECURITY_AUDIT] WARN  - [ACCESS_DENIED] username=yuhhna2907 requestedUrl=/ws/info ip=0:0:0:0:0:0:0:1
2026-04-17 17:14:40.202 [SECURITY_AUDIT] WARN  - [ACCESS_DENIED] username=yuhhna2907 requestedUrl=/ws/info ip=0:0:0:0:0:0:0:1
2026-04-17 17:14:46.206 [SECURITY_AUDIT] WARN  - [ACCESS_DENIED] username=yuhhna2907 requestedUrl=/ws/info ip=0:0:0:0:0:0:0:1
2026-04-17 17:14:52.197 [SECURITY_AUDIT] WARN  - [ACCESS_DENIED] username=yuhhna2907 requestedUrl=/ws/info ip=0:0:0:0:0:0:0:1
2026-04-17 17:14:58.188 [SECURITY_AUDIT] WARN  - [ACCESS_DENIED] username=yuhhna2907 requestedUrl=/ws/info ip=0:0:0:0:0:0:0:1
2026-04-17 17:15:04.194 [SECURITY_AUDIT] WARN  - [ACCESS_DENIED] username=yuhhna2907 requestedUrl=/ws/info ip=0:0:0:0:0:0:0:1
2026-04-17 17:15:10.188 [SECURITY_AUDIT] WARN  - [ACCESS_DENIED] username=yuhhna2907 requestedUrl=/ws/info ip=0:0:0:0:0:0:0:1
2026-04-17 17:15:16.190 [SECURITY_AUDIT] WARN  - [ACCESS_DENIED] username=yuhhna2907 requestedUrl=/ws/info ip=0:0:0:0:0:0:0:1
2026-04-17 17:15:22.191 [SECURITY_AUDIT] WARN  - [ACCESS_DENIED] username=yuhhna2907 requestedUrl=/ws/info ip=0:0:0:0:0:0:0:1
2026-04-17 17:15:28.206 [SECURITY_AUDIT] WARN  - [ACCESS_DENIED] username=yuhhna2907 requestedUrl=/ws/info ip=0:0:0:0:0:0:0:1
2026-04-17 17:15:34.193 [SECURITY_AUDIT] WARN  - [ACCESS_DENIED] username=yuhhna2907 requestedUrl=/ws/info ip=0:0:0:0:0:0:0:1
2026-04-17 17:15:40.205 [SECURITY_AUDIT] WARN  - [ACCESS_DENIED] username=yuhhna2907 requestedUrl=/ws/info ip=0:0:0:0:0:0:0:1
2026-04-17 17:15:46.190 [SECURITY_AUDIT] WARN  - [ACCESS_DENIED] username=yuhhna2907 requestedUrl=/ws/info ip=0:0:0:0:0:0:0:1
2026-04-17 17:15:52.187 [SECURITY_AUDIT] WARN  - [ACCESS_DENIED] username=yuhhna2907 requestedUrl=/ws/info ip=0:0:0:0:0:0:0:1
2026-04-17 17:15:58.216 [SECURITY_AUDIT] WARN  - [ACCESS_DENIED] username=yuhhna2907 requestedUrl=/ws/info ip=0:0:0:0:0:0:0:1
2026-04-17 17:16:04.193 [SECURITY_AUDIT] WARN  - [ACCESS_DENIED] username=yuhhna2907 requestedUrl=/ws/info ip=0:0:0:0:0:0:0:1
2026-04-17 17:16:10.187 [SECURITY_AUDIT] WARN  - [ACCESS_DENIED] username=yuhhna2907 requestedUrl=/ws/info ip=0:0:0:0:0:0:0:1
2026-04-17 17:16:16.188 [SECURITY_AUDIT] WARN  - [ACCESS_DENIED] username=yuhhna2907 requestedUrl=/ws/info ip=0:0:0:0:0:0:0:1
2026-04-17 17:16:22.196 [SECURITY_AUDIT] WARN  - [ACCESS_DENIED] username=yuhhna2907 requestedUrl=/ws/info ip=0:0:0:0:0:0:0:1
2026-04-17 17:16:28.189 [SECURITY_AUDIT] WARN  - [ACCESS_DENIED] username=yuhhna2907 requestedUrl=/ws/info ip=0:0:0:0:0:0:0:1
2026-04-17 17:16:34.186 [SECURITY_AUDIT] WARN  - [ACCESS_DENIED] username=yuhhna2907 requestedUrl=/ws/info ip=0:0:0:0:0:0:0:1
2026-04-17 17:16:40.201 [SECURITY_AUDIT] WARN  - [ACCESS_DENIED] username=yuhhna2907 requestedUrl=/ws/info ip=0:0:0:0:0:0:0:1
2026-04-17 17:16:46.204 [SECURITY_AUDIT] WARN  - [ACCESS_DENIED] username=yuhhna2907 requestedUrl=/ws/info ip=0:0:0:0:0:0:0:1
2026-04-17 17:16:52.203 [SECURITY_AUDIT] WARN  - [ACCESS_DENIED] username=yuhhna2907 requestedUrl=/ws/info ip=0:0:0:0:0:0:0:1
2026-04-17 17:16:58.190 [SECURITY_AUDIT] WARN  - [ACCESS_DENIED] username=yuhhna2907 requestedUrl=/ws/info ip=0:0:0:0:0:0:0:1
2026-04-17 17:17:04.193 [SECURITY_AUDIT] WARN  - [ACCESS_DENIED] username=yuhhna2907 requestedUrl=/ws/info ip=0:0:0:0:0:0:0:1
2026-04-17 17:17:10.201 [SECURITY_AUDIT] WARN  - [ACCESS_DENIED] username=yuhhna2907 requestedUrl=/ws/info ip=0:0:0:0:0:0:0:1
2026-04-17 17:17:16.202 [SECURITY_AUDIT] WARN  - [ACCESS_DENIED] username=yuhhna2907 requestedUrl=/ws/info ip=0:0:0:0:0:0:0:1
2026-04-17 17:17:22.201 [SECURITY_AUDIT] WARN  - [ACCESS_DENIED] username=yuhhna2907 requestedUrl=/ws/info ip=0:0:0:0:0:0:0:1
2026-04-17 17:17:28.191 [SECURITY_AUDIT] WARN  - [ACCESS_DENIED] username=yuhhna2907 requestedUrl=/ws/info ip=0:0:0:0:0:0:0:1
2026-04-17 17:17:34.190 [SECURITY_AUDIT] WARN  - [ACCESS_DENIED] username=yuhhna2907 requestedUrl=/ws/info ip=0:0:0:0:0:0:0:1
2026-04-17 17:17:40.198 [SECURITY_AUDIT] WARN  - [ACCESS_DENIED] username=yuhhna2907 requestedUrl=/ws/info ip=0:0:0:0:0:0:0:1
2026-04-17 17:17:46.199 [SECURITY_AUDIT] WARN  - [ACCESS_DENIED] username=yuhhna2907 requestedUrl=/ws/info ip=0:0:0:0:0:0:0:1
2026-04-17 17:17:52.212 [SECURITY_AUDIT] WARN  - [ACCESS_DENIED] username=yuhhna2907 requestedUrl=/ws/info ip=0:0:0:0:0:0:0:1
2026-04-17 17:17:58.188 [SECURITY_AUDIT] WARN  - [ACCESS_DENIED] username=yuhhna2907 requestedUrl=/ws/info ip=0:0:0:0:0:0:0:1
2026-04-17 17:18:04.190 [SECURITY_AUDIT] WARN  - [ACCESS_DENIED] username=yuhhna2907 requestedUrl=/ws/info ip=0:0:0:0:0:0:0:1
2026-04-17 17:18:10.197 [SECURITY_AUDIT] WARN  - [ACCESS_DENIED] username=yuhhna2907 requestedUrl=/ws/info ip=0:0:0:0:0:0:0:1
2026-04-17 17:18:16.196 [SECURITY_AUDIT] WARN  - [ACCESS_DENIED] username=yuhhna2907 requestedUrl=/ws/info ip=0:0:0:0:0:0:0:1
2026-04-17 17:18:21.216 [SECURITY_AUDIT] WARN  - [ACCESS_DENIED] username=yuhhna2907 requestedUrl=/ws/info ip=0:0:0:0:0:0:0:1
2026-04-17 17:18:25.641 [SECURITY_AUDIT] WARN  - [ACCESS_DENIED] username=yuhhna2907 requestedUrl=/admin/products ip=0:0:0:0:0:0:0:1
2026-04-17 17:18:27.198 [SECURITY_AUDIT] WARN  - [ACCESS_DENIED] username=yuhhna2907 requestedUrl=/ws/info ip=0:0:0:0:0:0:0:1
2026-04-17 17:18:33.197 [SECURITY_AUDIT] WARN  - [ACCESS_DENIED] username=yuhhna2907 requestedUrl=/ws/info ip=0:0:0:0:0:0:0:1
2026-04-17 17:18:39.188 [SECURITY_AUDIT] WARN  - [ACCESS_DENIED] username=yuhhna2907 requestedUrl=/ws/info ip=0:0:0:0:0:0:0:1
2026-04-17 17:18:45.199 [SECURITY_AUDIT] WARN  - [ACCESS_DENIED] username=yuhhna2907 requestedUrl=/ws/info ip=0:0:0:0:0:0:0:1
2026-04-17 17:18:51.198 [SECURITY_AUDIT] WARN  - [ACCESS_DENIED] username=yuhhna2907 requestedUrl=/ws/info ip=0:0:0:0:0:0:0:1
2026-04-17 17:18:57.197 [SECURITY_AUDIT] WARN  - [ACCESS_DENIED] username=yuhhna2907 requestedUrl=/ws/info ip=0:0:0:0:0:0:0:1
2026-04-17 17:19:03.187 [SECURITY_AUDIT] WARN  - [ACCESS_DENIED] username=yuhhna2907 requestedUrl=/ws/info ip=0:0:0:0:0:0:0:1
2026-04-17 17:19:09.197 [SECURITY_AUDIT] WARN  - [ACCESS_DENIED] username=yuhhna2907 requestedUrl=/ws/info ip=0:0:0:0:0:0:0:1
2026-04-17 17:19:15.196 [SECURITY_AUDIT] WARN  - [ACCESS_DENIED] username=yuhhna2907 requestedUrl=/ws/info ip=0:0:0:0:0:0:0:1
2026-04-17 17:19:21.201 [SECURITY_AUDIT] WARN  - [ACCESS_DENIED] username=yuhhna2907 requestedUrl=/ws/info ip=0:0:0:0:0:0:0:1
2026-04-17 17:19:27.199 [SECURITY_AUDIT] WARN  - [ACCESS_DENIED] username=yuhhna2907 requestedUrl=/ws/info ip=0:0:0:0:0:0:0:1
2026-04-17 17:19:33.191 [SECURITY_AUDIT] WARN  - [ACCESS_DENIED] username=yuhhna2907 requestedUrl=/ws/info ip=0:0:0:0:0:0:0:1
2026-04-17 17:19:39.206 [SECURITY_AUDIT] WARN  - [ACCESS_DENIED] username=yuhhna2907 requestedUrl=/ws/info ip=0:0:0:0:0:0:0:1
2026-04-17 17:19:45.200 [SECURITY_AUDIT] WARN  - [ACCESS_DENIED] username=yuhhna2907 requestedUrl=/ws/info ip=0:0:0:0:0:0:0:1
2026-04-17 17:19:51.194 [SECURITY_AUDIT] WARN  - [ACCESS_DENIED] username=yuhhna2907 requestedUrl=/ws/info ip=0:0:0:0:0:0:0:1
2026-04-17 17:19:57.197 [SECURITY_AUDIT] WARN  - [ACCESS_DENIED] username=yuhhna2907 requestedUrl=/ws/info ip=0:0:0:0:0:0:0:1
2026-04-17 17:20:03.197 [SECURITY_AUDIT] WARN  - [ACCESS_DENIED] username=yuhhna2907 requestedUrl=/ws/info ip=0:0:0:0:0:0:0:1
2026-04-17 17:20:09.201 [SECURITY_AUDIT] WARN  - [ACCESS_DENIED] username=yuhhna2907 requestedUrl=/ws/info ip=0:0:0:0:0:0:0:1
2026-04-17 17:20:15.200 [SECURITY_AUDIT] WARN  - [ACCESS_DENIED] username=yuhhna2907 requestedUrl=/ws/info ip=0:0:0:0:0:0:0:1
2026-04-17 17:20:21.199 [SECURITY_AUDIT] WARN  - [ACCESS_DENIED] username=yuhhna2907 requestedUrl=/ws/info ip=0:0:0:0:0:0:0:1
2026-04-17 17:20:27.192 [SECURITY_AUDIT] WARN  - [ACCESS_DENIED] username=yuhhna2907 requestedUrl=/ws/info ip=0:0:0:0:0:0:0:1
2026-04-17 17:20:33.203 [SECURITY_AUDIT] WARN  - [ACCESS_DENIED] username=yuhhna2907 requestedUrl=/ws/info ip=0:0:0:0:0:0:0:1
2026-04-17 17:20:39.199 [SECURITY_AUDIT] WARN  - [ACCESS_DENIED] username=yuhhna2907 requestedUrl=/ws/info ip=0:0:0:0:0:0:0:1
2026-04-17 17:20:45.189 [SECURITY_AUDIT] WARN  - [ACCESS_DENIED] username=yuhhna2907 requestedUrl=/ws/info ip=0:0:0:0:0:0:0:1
2026-04-17 17:20:51.192 [SECURITY_AUDIT] WARN  - [ACCESS_DENIED] username=yuhhna2907 requestedUrl=/ws/info ip=0:0:0:0:0:0:0:1
2026-04-17 17:20:57.197 [SECURITY_AUDIT] WARN  - [ACCESS_DENIED] username=yuhhna2907 requestedUrl=/ws/info ip=0:0:0:0:0:0:0:1
2026-04-17 17:21:03.193 [SECURITY_AUDIT] WARN  - [ACCESS_DENIED] username=yuhhna2907 requestedUrl=/ws/info ip=0:0:0:0:0:0:0:1
2026-04-17 17:21:09.201 [SECURITY_AUDIT] WARN  - [ACCESS_DENIED] username=yuhhna2907 requestedUrl=/ws/info ip=0:0:0:0:0:0:0:1
2026-04-17 17:21:15.193 [SECURITY_AUDIT] WARN  - [ACCESS_DENIED] username=yuhhna2907 requestedUrl=/ws/info ip=0:0:0:0:0:0:0:1
2026-04-17 17:21:21.204 [SECURITY_AUDIT] WARN  - [ACCESS_DENIED] username=yuhhna2907 requestedUrl=/ws/info ip=0:0:0:0:0:0:0:1
2026-04-17 17:21:27.188 [SECURITY_AUDIT] WARN  - [ACCESS_DENIED] username=yuhhna2907 requestedUrl=/ws/info ip=0:0:0:0:0:0:0:1
2026-04-17 17:21:33.189 [SECURITY_AUDIT] WARN  - [ACCESS_DENIED] username=yuhhna2907 requestedUrl=/ws/info ip=0:0:0:0:0:0:0:1
2026-04-17 17:21:39.194 [SECURITY_AUDIT] WARN  - [ACCESS_DENIED] username=yuhhna2907 requestedUrl=/ws/info ip=0:0:0:0:0:0:0:1
2026-04-17 17:21:45.196 [SECURITY_AUDIT] WARN  - [ACCESS_DENIED] username=yuhhna2907 requestedUrl=/ws/info ip=0:0:0:0:0:0:0:1
2026-04-17 17:21:51.189 [SECURITY_AUDIT] WARN  - [ACCESS_DENIED] username=yuhhna2907 requestedUrl=/ws/info ip=0:0:0:0:0:0:0:1
2026-04-17 17:21:57.199 [SECURITY_AUDIT] WARN  - [ACCESS_DENIED] username=yuhhna2907 requestedUrl=/ws/info ip=0:0:0:0:0:0:0:1
2026-04-17 17:22:03.188 [SECURITY_AUDIT] WARN  - [ACCESS_DENIED] username=yuhhna2907 requestedUrl=/ws/info ip=0:0:0:0:0:0:0:1
2026-04-17 17:22:09.192 [SECURITY_AUDIT] WARN  - [ACCESS_DENIED] username=yuhhna2907 requestedUrl=/ws/info ip=0:0:0:0:0:0:0:1
2026-04-17 17:22:15.205 [SECURITY_AUDIT] WARN  - [ACCESS_DENIED] username=yuhhna2907 requestedUrl=/ws/info ip=0:0:0:0:0:0:0:1
2026-04-17 17:22:21.201 [SECURITY_AUDIT] WARN  - [ACCESS_DENIED] username=yuhhna2907 requestedUrl=/ws/info ip=0:0:0:0:0:0:0:1
2026-04-17 17:22:27.203 [SECURITY_AUDIT] WARN  - [ACCESS_DENIED] username=yuhhna2907 requestedUrl=/ws/info ip=0:0:0:0:0:0:0:1
2026-04-17 17:22:33.186 [SECURITY_AUDIT] WARN  - [ACCESS_DENIED] username=yuhhna2907 requestedUrl=/ws/info ip=0:0:0:0:0:0:0:1
2026-04-17 17:22:39.189 [SECURITY_AUDIT] WARN  - [ACCESS_DENIED] username=yuhhna2907 requestedUrl=/ws/info ip=0:0:0:0:0:0:0:1
2026-04-17 17:22:45.192 [SECURITY_AUDIT] WARN  - [ACCESS_DENIED] username=yuhhna2907 requestedUrl=/ws/info ip=0:0:0:0:0:0:0:1
2026-04-17 17:22:51.196 [SECURITY_AUDIT] WARN  - [ACCESS_DENIED] username=yuhhna2907 requestedUrl=/ws/info ip=0:0:0:0:0:0:0:1
2026-04-17 17:22:57.201 [SECURITY_AUDIT] WARN  - [ACCESS_DENIED] username=yuhhna2907 requestedUrl=/ws/info ip=0:0:0:0:0:0:0:1
2026-04-17 17:23:03.187 [SECURITY_AUDIT] WARN  - [ACCESS_DENIED] username=yuhhna2907 requestedUrl=/ws/info ip=0:0:0:0:0:0:0:1
2026-04-17 17:23:09.190 [SECURITY_AUDIT] WARN  - [ACCESS_DENIED] username=yuhhna2907 requestedUrl=/ws/info ip=0:0:0:0:0:0:0:1
2026-04-17 17:23:15.196 [SECURITY_AUDIT] WARN  - [ACCESS_DENIED] username=yuhhna2907 requestedUrl=/ws/info ip=0:0:0:0:0:0:0:1
2026-04-17 17:23:21.192 [SECURITY_AUDIT] WARN  - [ACCESS_DENIED] username=yuhhna2907 requestedUrl=/ws/info ip=0:0:0:0:0:0:0:1
2026-04-17 17:23:27.202 [SECURITY_AUDIT] WARN  - [ACCESS_DENIED] username=yuhhna2907 requestedUrl=/ws/info ip=0:0:0:0:0:0:0:1
2026-04-17 17:23:33.195 [SECURITY_AUDIT] WARN  - [ACCESS_DENIED] username=yuhhna2907 requestedUrl=/ws/info ip=0:0:0:0:0:0:0:1
2026-04-17 17:23:39.187 [SECURITY_AUDIT] WARN  - [ACCESS_DENIED] username=yuhhna2907 requestedUrl=/ws/info ip=0:0:0:0:0:0:0:1
2026-04-17 17:23:45.183 [SECURITY_AUDIT] WARN  - [ACCESS_DENIED] username=yuhhna2907 requestedUrl=/ws/info ip=0:0:0:0:0:0:0:1
2026-04-17 17:23:51.192 [SECURITY_AUDIT] WARN  - [ACCESS_DENIED] username=yuhhna2907 requestedUrl=/ws/info ip=0:0:0:0:0:0:0:1
2026-04-17 17:23:57.199 [SECURITY_AUDIT] WARN  - [ACCESS_DENIED] username=yuhhna2907 requestedUrl=/ws/info ip=0:0:0:0:0:0:0:1
2026-04-17 17:24:03.188 [SECURITY_AUDIT] WARN  - [ACCESS_DENIED] username=yuhhna2907 requestedUrl=/ws/info ip=0:0:0:0:0:0:0:1
2026-04-17 17:24:09.186 [SECURITY_AUDIT] WARN  - [ACCESS_DENIED] username=yuhhna2907 requestedUrl=/ws/info ip=0:0:0:0:0:0:0:1
2026-04-17 17:24:15.187 [SECURITY_AUDIT] WARN  - [ACCESS_DENIED] username=yuhhna2907 requestedUrl=/ws/info ip=0:0:0:0:0:0:0:1
2026-04-17 17:24:21.195 [SECURITY_AUDIT] WARN  - [ACCESS_DENIED] username=yuhhna2907 requestedUrl=/ws/info ip=0:0:0:0:0:0:0:1
2026-04-17 17:24:27.201 [SECURITY_AUDIT] WARN  - [ACCESS_DENIED] username=yuhhna2907 requestedUrl=/ws/info ip=0:0:0:0:0:0:0:1
2026-04-17 17:24:33.190 [SECURITY_AUDIT] WARN  - [ACCESS_DENIED] username=yuhhna2907 requestedUrl=/ws/info ip=0:0:0:0:0:0:0:1
2026-04-17 17:24:39.197 [SECURITY_AUDIT] WARN  - [ACCESS_DENIED] username=yuhhna2907 requestedUrl=/ws/info ip=0:0:0:0:0:0:0:1
2026-04-17 17:24:45.194 [SECURITY_AUDIT] WARN  - [ACCESS_DENIED] username=yuhhna2907 requestedUrl=/ws/info ip=0:0:0:0:0:0:0:1
2026-04-17 17:24:51.194 [SECURITY_AUDIT] WARN  - [ACCESS_DENIED] username=yuhhna2907 requestedUrl=/ws/info ip=0:0:0:0:0:0:0:1
2026-04-17 17:24:57.198 [SECURITY_AUDIT] WARN  - [ACCESS_DENIED] username=yuhhna2907 requestedUrl=/ws/info ip=0:0:0:0:0:0:0:1
2026-04-17 17:25:03.190 [SECURITY_AUDIT] WARN  - [ACCESS_DENIED] username=yuhhna2907 requestedUrl=/ws/info ip=0:0:0:0:0:0:0:1
2026-04-17 17:25:09.186 [SECURITY_AUDIT] WARN  - [ACCESS_DENIED] username=yuhhna2907 requestedUrl=/ws/info ip=0:0:0:0:0:0:0:1
2026-04-17 17:25:15.195 [SECURITY_AUDIT] WARN  - [ACCESS_DENIED] username=yuhhna2907 requestedUrl=/ws/info ip=0:0:0:0:0:0:0:1
2026-04-17 17:25:21.201 [SECURITY_AUDIT] WARN  - [ACCESS_DENIED] username=yuhhna2907 requestedUrl=/ws/info ip=0:0:0:0:0:0:0:1
2026-04-17 17:25:27.184 [SECURITY_AUDIT] WARN  - [ACCESS_DENIED] username=yuhhna2907 requestedUrl=/ws/info ip=0:0:0:0:0:0:0:1
2026-04-17 17:25:33.185 [SECURITY_AUDIT] WARN  - [ACCESS_DENIED] username=yuhhna2907 requestedUrl=/ws/info ip=0:0:0:0:0:0:0:1
2026-04-17 17:25:39.198 [SECURITY_AUDIT] WARN  - [ACCESS_DENIED] username=yuhhna2907 requestedUrl=/ws/info ip=0:0:0:0:0:0:0:1
2026-04-17 17:25:45.191 [SECURITY_AUDIT] WARN  - [ACCESS_DENIED] username=yuhhna2907 requestedUrl=/ws/info ip=0:0:0:0:0:0:0:1
2026-04-17 17:25:51.196 [SECURITY_AUDIT] WARN  - [ACCESS_DENIED] username=yuhhna2907 requestedUrl=/ws/info ip=0:0:0:0:0:0:0:1
2026-04-17 17:25:57.196 [SECURITY_AUDIT] WARN  - [ACCESS_DENIED] username=yuhhna2907 requestedUrl=/ws/info ip=0:0:0:0:0:0:0:1
2026-04-17 17:26:03.192 [SECURITY_AUDIT] WARN  - [ACCESS_DENIED] username=yuhhna2907 requestedUrl=/ws/info ip=0:0:0:0:0:0:0:1
2026-04-17 17:26:09.195 [SECURITY_AUDIT] WARN  - [ACCESS_DENIED] username=yuhhna2907 requestedUrl=/ws/info ip=0:0:0:0:0:0:0:1
2026-04-17 17:26:15.201 [SECURITY_AUDIT] WARN  - [ACCESS_DENIED] username=yuhhna2907 requestedUrl=/ws/info ip=0:0:0:0:0:0:0:1
2026-04-17 17:26:21.188 [SECURITY_AUDIT] WARN  - [ACCESS_DENIED] username=yuhhna2907 requestedUrl=/ws/info ip=0:0:0:0:0:0:0:1
2026-04-17 17:26:27.196 [SECURITY_AUDIT] WARN  - [ACCESS_DENIED] username=yuhhna2907 requestedUrl=/ws/info ip=0:0:0:0:0:0:0:1
2026-04-17 17:26:33.208 [SECURITY_AUDIT] WARN  - [ACCESS_DENIED] username=yuhhna2907 requestedUrl=/ws/info ip=0:0:0:0:0:0:0:1
2026-04-17 17:26:39.198 [SECURITY_AUDIT] WARN  - [ACCESS_DENIED] username=yuhhna2907 requestedUrl=/ws/info ip=0:0:0:0:0:0:0:1
2026-04-17 17:26:45.188 [SECURITY_AUDIT] WARN  - [ACCESS_DENIED] username=yuhhna2907 requestedUrl=/ws/info ip=0:0:0:0:0:0:0:1
2026-04-17 17:26:51.203 [SECURITY_AUDIT] WARN  - [ACCESS_DENIED] username=yuhhna2907 requestedUrl=/ws/info ip=0:0:0:0:0:0:0:1
2026-04-17 17:26:57.206 [SECURITY_AUDIT] WARN  - [ACCESS_DENIED] username=yuhhna2907 requestedUrl=/ws/info ip=0:0:0:0:0:0:0:1
2026-04-17 17:27:03.191 [SECURITY_AUDIT] WARN  - [ACCESS_DENIED] username=yuhhna2907 requestedUrl=/ws/info ip=0:0:0:0:0:0:0:1
2026-04-17 17:27:09.189 [SECURITY_AUDIT] WARN  - [ACCESS_DENIED] username=yuhhna2907 requestedUrl=/ws/info ip=0:0:0:0:0:0:0:1
2026-04-17 17:27:15.195 [SECURITY_AUDIT] WARN  - [ACCESS_DENIED] username=yuhhna2907 requestedUrl=/ws/info ip=0:0:0:0:0:0:0:1
2026-04-17 17:27:21.192 [SECURITY_AUDIT] WARN  - [ACCESS_DENIED] username=yuhhna2907 requestedUrl=/ws/info ip=0:0:0:0:0:0:0:1
2026-04-17 17:27:27.191 [SECURITY_AUDIT] WARN  - [ACCESS_DENIED] username=yuhhna2907 requestedUrl=/ws/info ip=0:0:0:0:0:0:0:1
2026-04-17 17:27:33.190 [SECURITY_AUDIT] WARN  - [ACCESS_DENIED] username=yuhhna2907 requestedUrl=/ws/info ip=0:0:0:0:0:0:0:1
2026-04-17 17:27:39.203 [SECURITY_AUDIT] WARN  - [ACCESS_DENIED] username=yuhhna2907 requestedUrl=/ws/info ip=0:0:0:0:0:0:0:1
2026-04-17 17:27:45.188 [SECURITY_AUDIT] WARN  - [ACCESS_DENIED] username=yuhhna2907 requestedUrl=/ws/info ip=0:0:0:0:0:0:0:1
2026-04-17 17:27:51.199 [SECURITY_AUDIT] WARN  - [ACCESS_DENIED] username=yuhhna2907 requestedUrl=/ws/info ip=0:0:0:0:0:0:0:1
2026-04-17 17:27:57.188 [SECURITY_AUDIT] WARN  - [ACCESS_DENIED] username=yuhhna2907 requestedUrl=/ws/info ip=0:0:0:0:0:0:0:1
2026-04-17 17:28:03.189 [SECURITY_AUDIT] WARN  - [ACCESS_DENIED] username=yuhhna2907 requestedUrl=/ws/info ip=0:0:0:0:0:0:0:1
2026-04-17 17:28:09.200 [SECURITY_AUDIT] WARN  - [ACCESS_DENIED] username=yuhhna2907 requestedUrl=/ws/info ip=0:0:0:0:0:0:0:1
2026-04-17 17:28:15.197 [SECURITY_AUDIT] WARN  - [ACCESS_DENIED] username=yuhhna2907 requestedUrl=/ws/info ip=0:0:0:0:0:0:0:1
2026-04-17 17:28:21.199 [SECURITY_AUDIT] WARN  - [ACCESS_DENIED] username=yuhhna2907 requestedUrl=/ws/info ip=0:0:0:0:0:0:0:1
2026-04-17 17:28:27.196 [SECURITY_AUDIT] WARN  - [ACCESS_DENIED] username=yuhhna2907 requestedUrl=/ws/info ip=0:0:0:0:0:0:0:1
2026-04-17 17:28:33.197 [SECURITY_AUDIT] WARN  - [ACCESS_DENIED] username=yuhhna2907 requestedUrl=/ws/info ip=0:0:0:0:0:0:0:1
2026-04-17 17:28:39.193 [SECURITY_AUDIT] WARN  - [ACCESS_DENIED] username=yuhhna2907 requestedUrl=/ws/info ip=0:0:0:0:0:0:0:1
2026-04-17 17:28:45.192 [SECURITY_AUDIT] WARN  - [ACCESS_DENIED] username=yuhhna2907 requestedUrl=/ws/info ip=0:0:0:0:0:0:0:1
2026-04-17 17:28:51.193 [SECURITY_AUDIT] WARN  - [ACCESS_DENIED] username=yuhhna2907 requestedUrl=/ws/info ip=0:0:0:0:0:0:0:1
2026-04-17 17:28:57.198 [SECURITY_AUDIT] WARN  - [ACCESS_DENIED] username=yuhhna2907 requestedUrl=/ws/info ip=0:0:0:0:0:0:0:1
2026-04-17 17:29:03.197 [SECURITY_AUDIT] WARN  - [ACCESS_DENIED] username=yuhhna2907 requestedUrl=/ws/info ip=0:0:0:0:0:0:0:1
2026-04-17 17:29:09.198 [SECURITY_AUDIT] WARN  - [ACCESS_DENIED] username=yuhhna2907 requestedUrl=/ws/info ip=0:0:0:0:0:0:0:1
2026-04-17 17:29:15.189 [SECURITY_AUDIT] WARN  - [ACCESS_DENIED] username=yuhhna2907 requestedUrl=/ws/info ip=0:0:0:0:0:0:0:1
2026-04-17 17:29:21.198 [SECURITY_AUDIT] WARN  - [ACCESS_DENIED] username=yuhhna2907 requestedUrl=/ws/info ip=0:0:0:0:0:0:0:1
2026-04-17 17:29:27.189 [SECURITY_AUDIT] WARN  - [ACCESS_DENIED] username=yuhhna2907 requestedUrl=/ws/info ip=0:0:0:0:0:0:0:1
2026-04-17 17:29:33.190 [SECURITY_AUDIT] WARN  - [ACCESS_DENIED] username=yuhhna2907 requestedUrl=/ws/info ip=0:0:0:0:0:0:0:1
2026-04-17 17:29:39.200 [SECURITY_AUDIT] WARN  - [ACCESS_DENIED] username=yuhhna2907 requestedUrl=/ws/info ip=0:0:0:0:0:0:0:1
2026-04-17 17:29:45.189 [SECURITY_AUDIT] WARN  - [ACCESS_DENIED] username=yuhhna2907 requestedUrl=/ws/info ip=0:0:0:0:0:0:0:1
2026-04-17 17:29:51.202 [SECURITY_AUDIT] WARN  - [ACCESS_DENIED] username=yuhhna2907 requestedUrl=/ws/info ip=0:0:0:0:0:0:0:1
2026-04-17 17:29:57.195 [SECURITY_AUDIT] WARN  - [ACCESS_DENIED] username=yuhhna2907 requestedUrl=/ws/info ip=0:0:0:0:0:0:0:1
2026-04-17 17:30:03.202 [SECURITY_AUDIT] WARN  - [ACCESS_DENIED] username=yuhhna2907 requestedUrl=/ws/info ip=0:0:0:0:0:0:0:1
2026-04-17 17:30:09.198 [SECURITY_AUDIT] WARN  - [ACCESS_DENIED] username=yuhhna2907 requestedUrl=/ws/info ip=0:0:0:0:0:0:0:1
2026-04-17 17:30:15.201 [SECURITY_AUDIT] WARN  - [ACCESS_DENIED] username=yuhhna2907 requestedUrl=/ws/info ip=0:0:0:0:0:0:0:1
2026-04-17 17:30:21.192 [SECURITY_AUDIT] WARN  - [ACCESS_DENIED] username=yuhhna2907 requestedUrl=/ws/info ip=0:0:0:0:0:0:0:1
2026-04-17 17:30:27.188 [SECURITY_AUDIT] WARN  - [ACCESS_DENIED] username=yuhhna2907 requestedUrl=/ws/info ip=0:0:0:0:0:0:0:1
2026-04-17 17:30:33.186 [SECURITY_AUDIT] WARN  - [ACCESS_DENIED] username=yuhhna2907 requestedUrl=/ws/info ip=0:0:0:0:0:0:0:1
2026-04-17 17:30:39.203 [SECURITY_AUDIT] WARN  - [ACCESS_DENIED] username=yuhhna2907 requestedUrl=/ws/info ip=0:0:0:0:0:0:0:1
2026-04-17 17:30:45.202 [SECURITY_AUDIT] WARN  - [ACCESS_DENIED] username=yuhhna2907 requestedUrl=/ws/info ip=0:0:0:0:0:0:0:1
2026-04-17 17:30:51.196 [SECURITY_AUDIT] WARN  - [ACCESS_DENIED] username=yuhhna2907 requestedUrl=/ws/info ip=0:0:0:0:0:0:0:1
2026-04-17 17:30:57.198 [SECURITY_AUDIT] WARN  - [ACCESS_DENIED] username=yuhhna2907 requestedUrl=/ws/info ip=0:0:0:0:0:0:0:1
2026-04-17 17:31:03.210 [SECURITY_AUDIT] WARN  - [ACCESS_DENIED] username=yuhhna2907 requestedUrl=/ws/info ip=0:0:0:0:0:0:0:1
2026-04-17 17:31:09.192 [SECURITY_AUDIT] WARN  - [ACCESS_DENIED] username=yuhhna2907 requestedUrl=/ws/info ip=0:0:0:0:0:0:0:1
2026-04-17 17:31:15.201 [SECURITY_AUDIT] WARN  - [ACCESS_DENIED] username=yuhhna2907 requestedUrl=/ws/info ip=0:0:0:0:0:0:0:1
2026-04-17 17:31:21.265 [SECURITY_AUDIT] WARN  - [ACCESS_DENIED] username=yuhhna2907 requestedUrl=/ws/info ip=0:0:0:0:0:0:0:1
2026-04-17 17:31:27.201 [SECURITY_AUDIT] WARN  - [ACCESS_DENIED] username=yuhhna2907 requestedUrl=/ws/info ip=0:0:0:0:0:0:0:1
2026-04-17 17:31:33.187 [SECURITY_AUDIT] WARN  - [ACCESS_DENIED] username=yuhhna2907 requestedUrl=/ws/info ip=0:0:0:0:0:0:0:1
2026-04-17 17:31:39.192 [SECURITY_AUDIT] WARN  - [ACCESS_DENIED] username=yuhhna2907 requestedUrl=/ws/info ip=0:0:0:0:0:0:0:1
2026-04-17 17:31:45.190 [SECURITY_AUDIT] WARN  - [ACCESS_DENIED] username=yuhhna2907 requestedUrl=/ws/info ip=0:0:0:0:0:0:0:1
2026-04-17 17:31:51.189 [SECURITY_AUDIT] WARN  - [ACCESS_DENIED] username=yuhhna2907 requestedUrl=/ws/info ip=0:0:0:0:0:0:0:1
2026-04-17 17:31:57.193 [SECURITY_AUDIT] WARN  - [ACCESS_DENIED] username=yuhhna2907 requestedUrl=/ws/info ip=0:0:0:0:0:0:0:1
2026-04-17 17:32:03.199 [SECURITY_AUDIT] WARN  - [ACCESS_DENIED] username=yuhhna2907 requestedUrl=/ws/info ip=0:0:0:0:0:0:0:1
2026-04-17 17:32:09.192 [SECURITY_AUDIT] WARN  - [ACCESS_DENIED] username=yuhhna2907 requestedUrl=/ws/info ip=0:0:0:0:0:0:0:1
2026-04-17 17:32:15.200 [SECURITY_AUDIT] WARN  - [ACCESS_DENIED] username=yuhhna2907 requestedUrl=/ws/info ip=0:0:0:0:0:0:0:1
2026-04-17 17:32:21.193 [SECURITY_AUDIT] WARN  - [ACCESS_DENIED] username=yuhhna2907 requestedUrl=/ws/info ip=0:0:0:0:0:0:0:1
2026-04-17 17:32:27.199 [SECURITY_AUDIT] WARN  - [ACCESS_DENIED] username=yuhhna2907 requestedUrl=/ws/info ip=0:0:0:0:0:0:0:1
2026-04-17 17:32:33.197 [SECURITY_AUDIT] WARN  - [ACCESS_DENIED] username=yuhhna2907 requestedUrl=/ws/info ip=0:0:0:0:0:0:0:1
2026-04-17 17:32:39.194 [SECURITY_AUDIT] WARN  - [ACCESS_DENIED] username=yuhhna2907 requestedUrl=/ws/info ip=0:0:0:0:0:0:0:1
2026-04-17 17:32:45.201 [SECURITY_AUDIT] WARN  - [ACCESS_DENIED] username=yuhhna2907 requestedUrl=/ws/info ip=0:0:0:0:0:0:0:1
2026-04-17 17:32:51.188 [SECURITY_AUDIT] WARN  - [ACCESS_DENIED] username=yuhhna2907 requestedUrl=/ws/info ip=0:0:0:0:0:0:0:1
2026-04-17 17:32:57.188 [SECURITY_AUDIT] WARN  - [ACCESS_DENIED] username=yuhhna2907 requestedUrl=/ws/info ip=0:0:0:0:0:0:0:1
2026-04-17 17:33:03.198 [SECURITY_AUDIT] WARN  - [ACCESS_DENIED] username=yuhhna2907 requestedUrl=/ws/info ip=0:0:0:0:0:0:0:1
2026-04-17 17:33:09.194 [SECURITY_AUDIT] WARN  - [ACCESS_DENIED] username=yuhhna2907 requestedUrl=/ws/info ip=0:0:0:0:0:0:0:1
2026-04-17 17:33:15.193 [SECURITY_AUDIT] WARN  - [ACCESS_DENIED] username=yuhhna2907 requestedUrl=/ws/info ip=0:0:0:0:0:0:0:1
2026-04-17 17:33:21.190 [SECURITY_AUDIT] WARN  - [ACCESS_DENIED] username=yuhhna2907 requestedUrl=/ws/info ip=0:0:0:0:0:0:0:1
2026-04-17 17:33:27.194 [SECURITY_AUDIT] WARN  - [ACCESS_DENIED] username=yuhhna2907 requestedUrl=/ws/info ip=0:0:0:0:0:0:0:1
2026-04-17 17:33:33.199 [SECURITY_AUDIT] WARN  - [ACCESS_DENIED] username=yuhhna2907 requestedUrl=/ws/info ip=0:0:0:0:0:0:0:1
2026-04-17 17:33:39.194 [SECURITY_AUDIT] WARN  - [ACCESS_DENIED] username=yuhhna2907 requestedUrl=/ws/info ip=0:0:0:0:0:0:0:1
2026-04-17 17:33:45.199 [SECURITY_AUDIT] WARN  - [ACCESS_DENIED] username=yuhhna2907 requestedUrl=/ws/info ip=0:0:0:0:0:0:0:1
2026-04-17 17:33:51.190 [SECURITY_AUDIT] WARN  - [ACCESS_DENIED] username=yuhhna2907 requestedUrl=/ws/info ip=0:0:0:0:0:0:0:1
2026-04-17 17:33:57.197 [SECURITY_AUDIT] WARN  - [ACCESS_DENIED] username=yuhhna2907 requestedUrl=/ws/info ip=0:0:0:0:0:0:0:1
2026-04-17 17:34:03.187 [SECURITY_AUDIT] WARN  - [ACCESS_DENIED] username=yuhhna2907 requestedUrl=/ws/info ip=0:0:0:0:0:0:0:1
2026-04-17 17:34:09.192 [SECURITY_AUDIT] WARN  - [ACCESS_DENIED] username=yuhhna2907 requestedUrl=/ws/info ip=0:0:0:0:0:0:0:1
2026-04-17 17:34:15.190 [SECURITY_AUDIT] WARN  - [ACCESS_DENIED] username=yuhhna2907 requestedUrl=/ws/info ip=0:0:0:0:0:0:0:1
2026-04-17 17:34:21.204 [SECURITY_AUDIT] WARN  - [ACCESS_DENIED] username=yuhhna2907 requestedUrl=/ws/info ip=0:0:0:0:0:0:0:1
2026-04-17 17:34:27.181 [SECURITY_AUDIT] WARN  - [ACCESS_DENIED] username=yuhhna2907 requestedUrl=/ws/info ip=0:0:0:0:0:0:0:1
2026-04-17 17:34:33.200 [SECURITY_AUDIT] WARN  - [ACCESS_DENIED] username=yuhhna2907 requestedUrl=/ws/info ip=0:0:0:0:0:0:0:1
2026-04-17 17:34:39.193 [SECURITY_AUDIT] WARN  - [ACCESS_DENIED] username=yuhhna2907 requestedUrl=/ws/info ip=0:0:0:0:0:0:0:1
2026-04-17 17:34:45.188 [SECURITY_AUDIT] WARN  - [ACCESS_DENIED] username=yuhhna2907 requestedUrl=/ws/info ip=0:0:0:0:0:0:0:1
2026-04-17 17:34:51.196 [SECURITY_AUDIT] WARN  - [ACCESS_DENIED] username=yuhhna2907 requestedUrl=/ws/info ip=0:0:0:0:0:0:0:1
2026-04-17 17:34:57.193 [SECURITY_AUDIT] WARN  - [ACCESS_DENIED] username=yuhhna2907 requestedUrl=/ws/info ip=0:0:0:0:0:0:0:1
2026-04-17 17:35:03.189 [SECURITY_AUDIT] WARN  - [ACCESS_DENIED] username=yuhhna2907 requestedUrl=/ws/info ip=0:0:0:0:0:0:0:1
2026-04-17 17:35:09.187 [SECURITY_AUDIT] WARN  - [ACCESS_DENIED] username=yuhhna2907 requestedUrl=/ws/info ip=0:0:0:0:0:0:0:1
2026-04-17 17:35:15.190 [SECURITY_AUDIT] WARN  - [ACCESS_DENIED] username=yuhhna2907 requestedUrl=/ws/info ip=0:0:0:0:0:0:0:1
2026-04-17 17:35:21.195 [SECURITY_AUDIT] WARN  - [ACCESS_DENIED] username=yuhhna2907 requestedUrl=/ws/info ip=0:0:0:0:0:0:0:1
2026-04-17 17:35:27.200 [SECURITY_AUDIT] WARN  - [ACCESS_DENIED] username=yuhhna2907 requestedUrl=/ws/info ip=0:0:0:0:0:0:0:1
2026-04-17 17:35:33.188 [SECURITY_AUDIT] WARN  - [ACCESS_DENIED] username=yuhhna2907 requestedUrl=/ws/info ip=0:0:0:0:0:0:0:1
2026-04-17 17:35:39.191 [SECURITY_AUDIT] WARN  - [ACCESS_DENIED] username=yuhhna2907 requestedUrl=/ws/info ip=0:0:0:0:0:0:0:1
2026-04-17 17:35:45.196 [SECURITY_AUDIT] WARN  - [ACCESS_DENIED] username=yuhhna2907 requestedUrl=/ws/info ip=0:0:0:0:0:0:0:1
2026-04-17 17:35:51.198 [SECURITY_AUDIT] WARN  - [ACCESS_DENIED] username=yuhhna2907 requestedUrl=/ws/info ip=0:0:0:0:0:0:0:1
2026-04-17 17:35:57.196 [SECURITY_AUDIT] WARN  - [ACCESS_DENIED] username=yuhhna2907 requestedUrl=/ws/info ip=0:0:0:0:0:0:0:1
2026-04-17 17:36:03.194 [SECURITY_AUDIT] WARN  - [ACCESS_DENIED] username=yuhhna2907 requestedUrl=/ws/info ip=0:0:0:0:0:0:0:1
2026-04-17 17:36:09.198 [SECURITY_AUDIT] WARN  - [ACCESS_DENIED] username=yuhhna2907 requestedUrl=/ws/info ip=0:0:0:0:0:0:0:1
2026-04-17 17:36:15.191 [SECURITY_AUDIT] WARN  - [ACCESS_DENIED] username=yuhhna2907 requestedUrl=/ws/info ip=0:0:0:0:0:0:0:1
2026-04-17 17:36:21.186 [SECURITY_AUDIT] WARN  - [ACCESS_DENIED] username=yuhhna2907 requestedUrl=/ws/info ip=0:0:0:0:0:0:0:1
2026-04-17 17:36:27.195 [SECURITY_AUDIT] WARN  - [ACCESS_DENIED] username=yuhhna2907 requestedUrl=/ws/info ip=0:0:0:0:0:0:0:1
2026-04-17 17:36:33.199 [SECURITY_AUDIT] WARN  - [ACCESS_DENIED] username=yuhhna2907 requestedUrl=/ws/info ip=0:0:0:0:0:0:0:1
2026-04-17 17:36:39.188 [SECURITY_AUDIT] WARN  - [ACCESS_DENIED] username=yuhhna2907 requestedUrl=/ws/info ip=0:0:0:0:0:0:0:1
2026-04-17 17:36:45.198 [SECURITY_AUDIT] WARN  - [ACCESS_DENIED] username=yuhhna2907 requestedUrl=/ws/info ip=0:0:0:0:0:0:0:1
2026-04-17 17:36:51.203 [SECURITY_AUDIT] WARN  - [ACCESS_DENIED] username=yuhhna2907 requestedUrl=/ws/info ip=0:0:0:0:0:0:0:1
2026-04-17 17:36:57.197 [SECURITY_AUDIT] WARN  - [ACCESS_DENIED] username=yuhhna2907 requestedUrl=/ws/info ip=0:0:0:0:0:0:0:1
2026-04-17 17:37:03.197 [SECURITY_AUDIT] WARN  - [ACCESS_DENIED] username=yuhhna2907 requestedUrl=/ws/info ip=0:0:0:0:0:0:0:1
2026-04-17 17:37:09.193 [SECURITY_AUDIT] WARN  - [ACCESS_DENIED] username=yuhhna2907 requestedUrl=/ws/info ip=0:0:0:0:0:0:0:1
2026-04-17 17:37:15.195 [SECURITY_AUDIT] WARN  - [ACCESS_DENIED] username=yuhhna2907 requestedUrl=/ws/info ip=0:0:0:0:0:0:0:1
2026-04-17 17:37:21.200 [SECURITY_AUDIT] WARN  - [ACCESS_DENIED] username=yuhhna2907 requestedUrl=/ws/info ip=0:0:0:0:0:0:0:1
2026-04-17 17:37:27.189 [SECURITY_AUDIT] WARN  - [ACCESS_DENIED] username=yuhhna2907 requestedUrl=/ws/info ip=0:0:0:0:0:0:0:1
2026-04-17 17:37:33.188 [SECURITY_AUDIT] WARN  - [ACCESS_DENIED] username=yuhhna2907 requestedUrl=/ws/info ip=0:0:0:0:0:0:0:1
2026-04-17 17:37:39.198 [SECURITY_AUDIT] WARN  - [ACCESS_DENIED] username=yuhhna2907 requestedUrl=/ws/info ip=0:0:0:0:0:0:0:1
2026-04-17 17:37:45.197 [SECURITY_AUDIT] WARN  - [ACCESS_DENIED] username=yuhhna2907 requestedUrl=/ws/info ip=0:0:0:0:0:0:0:1
2026-04-17 17:37:51.186 [SECURITY_AUDIT] WARN  - [ACCESS_DENIED] username=yuhhna2907 requestedUrl=/ws/info ip=0:0:0:0:0:0:0:1
2026-04-17 17:37:57.193 [SECURITY_AUDIT] WARN  - [ACCESS_DENIED] username=yuhhna2907 requestedUrl=/ws/info ip=0:0:0:0:0:0:0:1
2026-04-17 17:38:03.187 [SECURITY_AUDIT] WARN  - [ACCESS_DENIED] username=yuhhna2907 requestedUrl=/ws/info ip=0:0:0:0:0:0:0:1
2026-04-17 17:38:09.196 [SECURITY_AUDIT] WARN  - [ACCESS_DENIED] username=yuhhna2907 requestedUrl=/ws/info ip=0:0:0:0:0:0:0:1
2026-04-17 17:38:15.195 [SECURITY_AUDIT] WARN  - [ACCESS_DENIED] username=yuhhna2907 requestedUrl=/ws/info ip=0:0:0:0:0:0:0:1
2026-04-17 17:38:21.196 [SECURITY_AUDIT] WARN  - [ACCESS_DENIED] username=yuhhna2907 requestedUrl=/ws/info ip=0:0:0:0:0:0:0:1
2026-04-17 17:38:27.200 [SECURITY_AUDIT] WARN  - [ACCESS_DENIED] username=yuhhna2907 requestedUrl=/ws/info ip=0:0:0:0:0:0:0:1
2026-04-17 17:38:33.195 [SECURITY_AUDIT] WARN  - [ACCESS_DENIED] username=yuhhna2907 requestedUrl=/ws/info ip=0:0:0:0:0:0:0:1
2026-04-17 17:38:39.192 [SECURITY_AUDIT] WARN  - [ACCESS_DENIED] username=yuhhna2907 requestedUrl=/ws/info ip=0:0:0:0:0:0:0:1
2026-04-17 17:38:45.198 [SECURITY_AUDIT] WARN  - [ACCESS_DENIED] username=yuhhna2907 requestedUrl=/ws/info ip=0:0:0:0:0:0:0:1
2026-04-17 17:38:51.199 [SECURITY_AUDIT] WARN  - [ACCESS_DENIED] username=yuhhna2907 requestedUrl=/ws/info ip=0:0:0:0:0:0:0:1
2026-04-17 17:38:57.187 [SECURITY_AUDIT] WARN  - [ACCESS_DENIED] username=yuhhna2907 requestedUrl=/ws/info ip=0:0:0:0:0:0:0:1
2026-04-17 17:39:03.191 [SECURITY_AUDIT] WARN  - [ACCESS_DENIED] username=yuhhna2907 requestedUrl=/ws/info ip=0:0:0:0:0:0:0:1
2026-04-17 17:39:09.189 [SECURITY_AUDIT] WARN  - [ACCESS_DENIED] username=yuhhna2907 requestedUrl=/ws/info ip=0:0:0:0:0:0:0:1
2026-04-17 17:39:15.198 [SECURITY_AUDIT] WARN  - [ACCESS_DENIED] username=yuhhna2907 requestedUrl=/ws/info ip=0:0:0:0:0:0:0:1
2026-04-17 17:39:21.190 [SECURITY_AUDIT] WARN  - [ACCESS_DENIED] username=yuhhna2907 requestedUrl=/ws/info ip=0:0:0:0:0:0:0:1
2026-04-17 17:39:27.192 [SECURITY_AUDIT] WARN  - [ACCESS_DENIED] username=yuhhna2907 requestedUrl=/ws/info ip=0:0:0:0:0:0:0:1
2026-04-17 17:39:33.191 [SECURITY_AUDIT] WARN  - [ACCESS_DENIED] username=yuhhna2907 requestedUrl=/ws/info ip=0:0:0:0:0:0:0:1
2026-04-17 17:39:39.186 [SECURITY_AUDIT] WARN  - [ACCESS_DENIED] username=yuhhna2907 requestedUrl=/ws/info ip=0:0:0:0:0:0:0:1
2026-04-17 17:39:45.189 [SECURITY_AUDIT] WARN  - [ACCESS_DENIED] username=yuhhna2907 requestedUrl=/ws/info ip=0:0:0:0:0:0:0:1
2026-04-17 17:39:51.197 [SECURITY_AUDIT] WARN  - [ACCESS_DENIED] username=yuhhna2907 requestedUrl=/ws/info ip=0:0:0:0:0:0:0:1
2026-04-17 23:15:04.423 [SECURITY_AUDIT] WARN  - [LOGIN_FAILURE] username=luonganhhuy2004@gmail.com ip=0:0:0:0:0:0:0:1 reason=Invalid credentials
