2026-04-19 00:17:30.795 [SECURITY_AUDIT] WARN  - [ACCESS_DENIED] username=admin requestedUrl=/admin/products/toggle-status/57 ip=0:0:0:0:0:0:0:1
2026-04-20 15:02:25.910 [SECURITY_AUDIT] INFO  - [ANALYTICS_ACCESS] username=admin page=/admin/analytics/restock-demand ip=0:0:0:0:0:0:0:1
2026-04-20 15:04:40.809 [SECURITY_AUDIT] INFO  - [ANALYTICS_ACCESS] username=admin page=/admin/analytics/product-engagement ip=0:0:0:0:0:0:0:1
2026-04-20 15:05:01.953 [SECURITY_AUDIT] INFO  - [ANALYTICS_ACCESS] username=admin page=/admin/analytics/product-engagement ip=0:0:0:0:0:0:0:1
2026-04-20 15:06:31.940 [SECURITY_AUDIT] INFO  - [ANALYTICS_ACCESS] username=admin page=/admin/analytics/product-engagement ip=0:0:0:0:0:0:0:1
2026-04-20 15:07:41.794 [SECURITY_AUDIT] INFO  - [ANALYTICS_ACCESS] username=admin page=/admin/analytics/restock-demand ip=0:0:0:0:0:0:0:1
2026-04-20 15:07:45.805 [SECURITY_AUDIT] INFO  - [ANALYTICS_ACCESS] username=admin page=/admin/analytics/recommendations ip=0:0:0:0:0:0:0:1
2026-04-20 15:10:20.470 [SECURITY_AUDIT] INFO  - [ANALYTICS_ACCESS] username=admin page=/admin/analytics/product-engagement ip=0:0:0:0:0:0:0:1
2026-04-20 15:12:31.744 [SECURITY_AUDIT] INFO  - [ANALYTICS_ACCESS] username=admin page=/admin/analytics/search-trends ip=0:0:0:0:0:0:0:1
2026-04-20 15:38:36.778 [SECURITY_AUDIT] INFO  - [ANALYTICS_ACCESS] username=admin page=/admin/analytics/product-engagement ip=0:0:0:0:0:0:0:1
2026-04-20 15:45:02.983 [SECURITY_AUDIT] INFO  - [ANALYTICS_ACCESS] username=admin page=/admin/analytics/product-engagement ip=0:0:0:0:0:0:0:1
2026-04-20 15:45:26.927 [SECURITY_AUDIT] INFO  - [ANALYTICS_ACCESS] username=admin page=/admin/analytics/product-engagement ip=0:0:0:0:0:0:0:1
2026-04-20 15:47:57.429 [SECURITY_AUDIT] INFO  - [ANALYTICS_ACCESS] username=admin page=/admin/analytics/product-engagement ip=0:0:0:0:0:0:0:1
2026-04-20 16:35:22.926 [SECURITY_AUDIT] INFO  - [ANALYTICS_ACCESS] username=admin page=/admin/analytics/marketing ip=0:0:0:0:0:0:0:1
2026-04-20 17:00:09.315 [SECURITY_AUDIT] INFO  - [ANALYTICS_ACCESS] username=admin page=/admin/analytics/marketing ip=0:0:0:0:0:0:0:1
2026-04-20 17:00:13.316 [SECURITY_AUDIT] INFO  - [ANALYTICS_ACCESS] username=admin page=/admin/analytics/search ip=0:0:0:0:0:0:0:1
2026-04-20 17:00:19.161 [SECURITY_AUDIT] INFO  - [ANALYTICS_ACCESS] username=admin page=/admin/analytics/wishlist ip=0:0:0:0:0:0:0:1
2026-04-20 17:00:21.896 [SECURITY_AUDIT] INFO  - [ANALYTICS_ACCESS] username=admin page=/admin/analytics/product-engagement ip=0:0:0:0:0:0:0:1
2026-04-20 17:00:31.953 [SECURITY_AUDIT] INFO  - [ANALYTICS_ACCESS] username=admin page=/admin/analytics/cart-abandonment ip=0:0:0:0:0:0:0:1
2026-04-20 17:06:23.692 [SECURITY_AUDIT] INFO  - [ANALYTICS_ACCESS] username=admin page=/admin/analytics/product-engagement ip=0:0:0:0:0:0:0:1
2026-04-20 17:07:34.708 [SECURITY_AUDIT] INFO  - [ANALYTICS_ACCESS] username=admin page=/admin/analytics/marketing ip=0:0:0:0:0:0:0:1
2026-04-20 17:07:41.283 [SECURITY_AUDIT] INFO  - [ANALYTICS_ACCESS] username=admin page=/admin/analytics/search ip=0:0:0:0:0:0:0:1
